02-19 12:19:14.608   828   828 V GDWallet: [Thread: main] WidgetWebViewEngine.evaluateJavascript(), line:45 Begin. JavaScript: cordova.callbackFromNative('widgetapi1274386338',true,1,[{"objectKey":"2","scheme":"Mastercard","serviceId":31,"cardholder":"VERONIKA FRANZISKA ALEXANDRA","image":"img\/payment-card-mc-cdcvm.png","fundingPan":"5186161550000124","expiry":"2007"}],false);
02-19 12:19:14.608   828   828 V GDWallet: [Thread: main] WidgetWebViewEngine.evaluateJavascript(), line:52 End.
02-19 12:19:15.529   828   926 V GDWallet: [Thread: TaskSchedulerFo] WidgetWebViewClient.shouldInterceptRequest(), line:43 Begin.
02-19 12:19:15.530   828   926 V GDWallet: [Thread: TaskSchedulerFo] Widget.getLaunchUrl(), line:193 Begin.
02-19 12:19:15.530   828   926 V GDWallet: [Thread: TaskSchedulerFo] Widget.getLaunchUrl(), line:206 End. Launch URL: file:///data/user/0/com.gieseckedevrient.convego.demo/files/widgets/com.gieseckedevrient.wallet/0.0.1/widget.html
02-19 12:19:15.533   828   926 V GDWallet: [Thread: TaskSchedulerFo] WidgetWebViewClient.shouldInterceptRequest(), line:66 End.
02-19 12:19:17.038   828   985 V GDWallet: [Thread: JavaBridge] WidgetPreferences.execute(), line:34 getString(true, "cardEnrolling")
02-19 12:19:17.040   828  2200 V GDWallet: [Thread: com.gieseckedevrient.wallet-WidgetThread-9] Preferences.getString(), line:172 key: SharedWidgetPreference_cardEnrolling returns: null
02-19 12:19:17.040   828  2200 V GDWallet: [Thread: com.gieseckedevrient.wallet-WidgetThread-9] WidgetPreferences$1.run(), line:95 getString(true, "cardEnrolling") => DONE
02-19 12:19:17.040   828  2200 V GDWallet: [Thread: com.gieseckedevrient.wallet-WidgetThread-9] WidgetWebView.sendPluginResult(), line:400 Begin.
02-19 12:19:17.040   828  2200 V GDWallet: [Thread: com.gieseckedevrient.wallet-WidgetThread-9] Security.validateResult(), line:481 Begin.
02-19 12:19:17.041   828  2200 V GDWallet: [Thread: com.gieseckedevrient.wallet-WidgetThread-9] Security.extractMessageFrom(), line:497 Begin.
02-19 12:19:17.041   828  2200 V GDWallet: [Thread: com.gieseckedevrient.wallet-WidgetThread-9] Security.extractMessageFrom(), line:507 End. Message: "null"
02-19 12:19:17.041   828  2200 V GDWallet: [Thread: com.gieseckedevrient.wallet-WidgetThread-9] Security.validateResult(), line:487 End.
02-19 12:19:17.041   828  2200 V GDWallet: [Thread: com.gieseckedevrient.wallet-WidgetThread-9] WidgetWebView.sendPluginResult(), line:410 End.
02-19 12:19:17.042   828   828 V GDWallet: [Thread: main] WidgetWebViewEngine.evaluateJavascript(), line:45 Begin. JavaScript: cordova.callbackFromNative('WidgetPreferences1274386339',true,1,["null"],false);
02-19 12:19:17.042   828   985 V GDWallet: [Thread: JavaBridge] WidgetPreferences.execute(), line:34 getString(true, "cardEnrolling")
02-19 12:19:17.042   828   828 V GDWallet: [Thread: main] WidgetWebViewEngine.evaluateJavascript(), line:52 End.
02-19 12:19:17.043   828  2200 V GDWallet: [Thread: com.gieseckedevrient.wallet-WidgetThread-9] Preferences.getString(), line:172 key: SharedWidgetPreference_cardEnrolling returns: null
02-19 12:19:17.043   828  2200 V GDWallet: [Thread: com.gieseckedevrient.wallet-WidgetThread-9] WidgetPreferences$1.run(), line:95 getString(true, "cardEnrolling") => DONE
02-19 12:19:17.043   828  2200 V GDWallet: [Thread: com.gieseckedevrient.wallet-WidgetThread-9] WidgetWebView.sendPluginResult(), line:400 Begin.
02-19 12:19:17.044   828  2200 V GDWallet: [Thread: com.gieseckedevrient.wallet-WidgetThread-9] Security.validateResult(), line:481 Begin.
02-19 12:19:17.044   828  2200 V GDWallet: [Thread: com.gieseckedevrient.wallet-WidgetThread-9] Security.extractMessageFrom(), line:497 Begin.
02-19 12:19:17.044   828  2200 V GDWallet: [Thread: com.gieseckedevrient.wallet-WidgetThread-9] Security.extractMessageFrom(), line:507 End. Message: "null"
02-19 12:19:17.044   828  2200 V GDWallet: [Thread: com.gieseckedevrient.wallet-WidgetThread-9] Security.validateResult(), line:487 End.
02-19 12:19:17.044   828  2200 V GDWallet: [Thread: com.gieseckedevrient.wallet-WidgetThread-9] WidgetWebView.sendPluginResult(), line:410 End.
02-19 12:19:17.045   828   828 V GDWallet: [Thread: main] WidgetWebViewEngine.evaluateJavascript(), line:45 Begin. JavaScript: cordova.callbackFromNative('WidgetPreferences1274386340',true,1,["null"],false);
02-19 12:19:17.046   828   828 V GDWallet: [Thread: main] WidgetWebViewEngine.evaluateJavascript(), line:52 End.
02-19 12:19:17.046   828   828 D SystemWebChromeClient: file:///data/user/0/com.gieseckedevrient.convego.demo/files/widgets/com.gieseckedevrient.wallet/0.0.1/js/index.96ac568a.js: Line 1 : page-wallet
02-19 12:19:17.047   828   828 I chromium: [INFO:CONSOLE(1)] "page-wallet", source: file:///data/user/0/com.gieseckedevrient.convego.demo/files/widgets/com.gieseckedevrient.wallet/0.0.1/js/index.96ac568a.js (1)
02-19 12:19:17.058   828   828 D SystemWebChromeClient: file:///data/user/0/com.gieseckedevrient.convego.demo/files/widgets/com.gieseckedevrient.wallet/0.0.1/js/index.96ac568a.js: Line 1 : page-services
02-19 12:19:17.058   828   828 I chromium: [INFO:CONSOLE(1)] "page-services", source: file:///data/user/0/com.gieseckedevrient.convego.demo/files/widgets/com.gieseckedevrient.wallet/0.0.1/js/index.96ac568a.js (1)
02-19 12:19:17.068   828   828 D SystemWebChromeClient: file:///data/user/0/com.gieseckedevrient.convego.demo/files/widgets/com.gieseckedevrient.wallet/0.0.1/js/index.96ac568a.js: Line 1 : page-wallet
02-19 12:19:17.068   828   828 I chromium: [INFO:CONSOLE(1)] "page-wallet", source: file:///data/user/0/com.gieseckedevrient.convego.demo/files/widgets/com.gieseckedevrient.wallet/0.0.1/js/index.96ac568a.js (1)
02-19 12:19:17.102   828   985 V GDWallet: [Thread: JavaBridge] PluginBase.execute(), line:43 Begin. action: getDefaultPaymentCardId
02-19 12:19:17.102   828   985 V GDWallet: [Thread: JavaBridge] WidgetApi.runOnUiThreadIfNeeded(), line:53 Begin.
02-19 12:19:17.102   828   985 V GDWallet: [Thread: JavaBridge] WidgetApi.runOnUiThreadIfNeeded(), line:74 End. wasRunOnUiThread: false
02-19 12:19:17.102   828   985 V GDWallet: [Thread: JavaBridge] PluginBase.execute(), line:62 End.
02-19 12:19:17.103   828  2200 V GDWallet: [Thread: com.gieseckedevrient.wallet-WidgetThread-9] PluginBase.executeDirectly(), line:69 background thread. Action: getDefaultPaymentCardId. begin.
02-19 12:19:17.103   828  2200 V GDWallet: [Thread: com.gieseckedevrient.wallet-WidgetThread-9] WidgetApi.doExecute(), line:101 getDefaultPaymentCardId()
02-19 12:19:17.103   828  2200 V GDWallet: [Thread: com.gieseckedevrient.wallet-WidgetThread-9] WidgetApi.getDefaultPaymentCardId(), line:1034 Begin.
02-19 12:19:17.103   828  2200 V GDWallet: [Thread: com.gieseckedevrient.wallet-WidgetThread-9] CloudPayController.getDefaultPaymentCard(), line:470 getDefaultPaymentCard()
02-19 12:19:17.103   828  2200 V GDWallet: [Thread: com.gieseckedevrient.wallet-WidgetThread-9] CloudPayController.getInitializedStartedCpClient(), line:303 Begin
02-19 12:19:17.103   828  2200 V GDWallet: [Thread: com.gieseckedevrient.wallet-WidgetThread-9] CloudPayController.getInitializedStartedCpClient(), line:340 End
02-19 12:19:17.105   828   828 D SystemWebChromeClient: file:///data/user/0/com.gieseckedevrient.convego.demo/files/widgets/com.gieseckedevrient.wallet/0.0.1/js/index.96ac568a.js: Line 1 : Bank card is undefined or IDENTITY is unknown
02-19 12:19:17.106   828  2200 V GDWallet: [Thread: com.gieseckedevrient.wallet-WidgetThread-9] WidgetApi.getDefaultPaymentCardId(), line:1041 End.
02-19 12:19:17.106   828  2200 V GDWallet: [Thread: com.gieseckedevrient.wallet-WidgetThread-9] WidgetApi.doExecute(), line:338 getDefaultPaymentCardId() => DONE
02-19 12:19:17.106   828   828 I chromium: [INFO:CONSOLE(1)] "Bank card is undefined or IDENTITY is unknown", source: file:///data/user/0/com.gieseckedevrient.convego.demo/files/widgets/com.gieseckedevrient.wallet/0.0.1/js/index.96ac568a.js (1)
02-19 12:19:17.106   828  2200 V GDWallet: [Thread: com.gieseckedevrient.wallet-WidgetThread-9] WidgetWebView.sendPluginResult(), line:400 Begin.
02-19 12:19:17.106   828  2200 V GDWallet: [Thread: com.gieseckedevrient.wallet-WidgetThread-9] Security.validateResult(), line:481 Begin.
02-19 12:19:17.106   828  2200 V GDWallet: [Thread: com.gieseckedevrient.wallet-WidgetThread-9] Security.extractMessageFrom(), line:497 Begin.
02-19 12:19:17.106   828  2200 V GDWallet: [Thread: com.gieseckedevrient.wallet-WidgetThread-9] Security.extractMessageFrom(), line:507 End. Message: "F370ABABA44E4C7A9A2A3408BFEA010C_23936_32"
02-19 12:19:17.106   828  2200 V GDWallet: [Thread: com.gieseckedevrient.wallet-WidgetThread-9] Security.validateResult(), line:487 End.
02-19 12:19:17.106   828  2200 V GDWallet: [Thread: com.gieseckedevrient.wallet-WidgetThread-9] WidgetWebView.sendPluginResult(), line:410 End.
02-19 12:19:17.107   828  2200 V GDWallet: [Thread: com.gieseckedevrient.wallet-WidgetThread-9] PluginBase.executeDirectly(), line:74 background thread. Action : getDefaultPaymentCardId completed. Result: "F370ABABA44E4C7A9A2A3408BFEA010C_23936_32"
02-19 12:19:17.107   828  2200 V GDWallet: [Thread: com.gieseckedevrient.wallet-WidgetThread-9] PluginBase.executeDirectly(), line:80 background thread. Action: getDefaultPaymentCardId. end. took: 4 ms
02-19 12:19:17.109   828   828 V GDWallet: [Thread: main] WidgetWebViewEngine.evaluateJavascript(), line:45 Begin. JavaScript: cordova.callbackFromNative('widgetapi1274386341',true,1,["F370ABABA44E4C7A9A2A3408BFEA010C_23936_32"],false);
02-19 12:19:17.109   828   828 V GDWallet: [Thread: main] WidgetWebViewEngine.evaluateJavascript(), line:52 End.
02-19 12:19:17.151   828   985 V GDWallet: [Thread: JavaBridge] PluginBase.execute(), line:43 Begin. action: getPaymentCards
02-19 12:19:17.151   828   985 V GDWallet: [Thread: JavaBridge] WidgetApi.runOnUiThreadIfNeeded(), line:53 Begin.
02-19 12:19:17.151   828   985 V GDWallet: [Thread: JavaBridge] WidgetApi.runOnUiThreadIfNeeded(), line:74 End. wasRunOnUiThread: false
02-19 12:19:17.152   828   985 V GDWallet: [Thread: JavaBridge] PluginBase.execute(), line:62 End.
02-19 12:19:17.152   828  2200 V GDWallet: [Thread: com.gieseckedevrient.wallet-WidgetThread-9] PluginBase.executeDirectly(), line:69 background thread. Action: getPaymentCards. begin.
02-19 12:19:17.152   828  2200 V GDWallet: [Thread: com.gieseckedevrient.wallet-WidgetThread-9] WidgetApi.doExecute(), line:101 getPaymentCards()
02-19 12:19:17.152   828  2200 V GDWallet: [Thread: com.gieseckedevrient.wallet-WidgetThread-9] WidgetApi.getPaymentCards(), line:945 Begin.
02-19 12:19:17.152   828  2200 V GDWallet: [Thread: com.gieseckedevrient.wallet-WidgetThread-9] CloudPayController.getPaymentCards(), line:346 Begin.
02-19 12:19:17.153   828  2200 V GDWallet: [Thread: com.gieseckedevrient.wallet-WidgetThread-9] CloudPayController.getInitializedStartedCpClient(), line:303 Begin
02-19 12:19:17.153   828  2200 V GDWallet: [Thread: com.gieseckedevrient.wallet-WidgetThread-9] CloudPayController.getInitializedStartedCpClient(), line:340 End
02-19 12:19:17.154   828  2200 V GDWallet: [Thread: com.gieseckedevrient.wallet-WidgetThread-9] CloudPayController.getPaymentCards(), line:353 End.
02-19 12:19:17.173   828  2200 V GDWallet: [Thread: com.gieseckedevrient.wallet-WidgetThread-9] CloudPayController.getCardImageFileUri(), line:494 Begin.
02-19 12:19:17.173   828  2200 V GDWallet: [Thread: com.gieseckedevrient.wallet-WidgetThread-9] CloudPayController.getCardImageFileUri(), line:502 End. cardImagePath: /data/user/0/com.gieseckedevrient.convego.demo/files/card_images/F370ABABA44E4C7A9A2A3408BFEA010C_23936_32
02-19 12:19:17.221   828  2200 V GDWallet: [Thread: com.gieseckedevrient.wallet-WidgetThread-9] CloudPayController.getCardImageFileUri(), line:494 Begin.
02-19 12:19:17.221   828  2200 V GDWallet: [Thread: com.gieseckedevrient.wallet-WidgetThread-9] CloudPayController.getCardImageFileUri(), line:502 End. cardImagePath: /data/user/0/com.gieseckedevrient.convego.demo/files/card_images/F370ABABA44E4C7A9A2A3408BFEA010C_23475_31
02-19 12:19:17.222   828  2200 V GDWallet: [Thread: com.gieseckedevrient.wallet-WidgetThread-9] WidgetApi.getPaymentCards(), line:968 End.
02-19 12:19:17.222   828  2200 V GDWallet: [Thread: com.gieseckedevrient.wallet-WidgetThread-9] WidgetApi.doExecute(), line:338 getPaymentCards() => DONE
02-19 12:19:17.222   828  2200 V GDWallet: [Thread: com.gieseckedevrient.wallet-WidgetThread-9] WidgetWebView.sendPluginResult(), line:400 Begin.
02-19 12:19:17.222   828  2200 V GDWallet: [Thread: com.gieseckedevrient.wallet-WidgetThread-9] Security.validateResult(), line:481 Begin.
02-19 12:19:17.222   828  2200 V GDWallet: [Thread: com.gieseckedevrient.wallet-WidgetThread-9] Security.extractMessageFrom(), line:497 Begin.
02-19 12:19:17.222   828  2200 V GDWallet: [Thread: com.gieseckedevrient.wallet-WidgetThread-9] Security.extractMessageFrom(), line:507 End. Message: [{"cardId":"F370ABABA44E4C7A9A2A3408BFEA010C_23936_32","remainingPaymentsCount":-1,"scheme":"VISA","tokenizedPan":"4895370013554222","expiry":1767218399000,"isDefaultCard":true,"enabled":true,"canBeEnabled":true,"cardImageFileUri":"\/data\/user\/0\/com.gieseckedevrient.convego.demo\/files\/card_images\/F370ABABA44E4C7A9A2A3408BFEA010C_23936_32"},{"cardId":"F370ABABA44E4C7A9A2A3408BFEA010C_23475_31","remainingPaymentsCount":10,"scheme":"MASTERCARD","tokenizedPan":"5186161560219458","expiry":1648760399000,"isDefaultCard":false,"enabled":true,"canBeEnabled":true,"cardImageFileUri":"\/data\/user\/0\/com.gieseckedevrient.convego.demo\/files\/card_images\/F370ABABA44E4C7A9A2A3408BFEA010C_23475_31"}]
02-19 12:19:17.223   828  2200 V GDWallet: [Thread: com.gieseckedevrient.wallet-WidgetThread-9] Security.validateResult(), line:487 End.
02-19 12:19:17.223   828  2200 V GDWallet: [Thread: com.gieseckedevrient.wallet-WidgetThread-9] WidgetWebView.sendPluginResult(), line:410 End.
02-19 12:19:17.223   828  2200 V GDWallet: [Thread: com.gieseckedevrient.wallet-WidgetThread-9] PluginBase.executeDirectly(), line:74 background thread. Action : getPaymentCards completed. Result: [{"cardId":"F370ABABA44E4C7A9A2A3408BFEA010C_23936_32","remainingPaymentsCount":-1,"scheme":"VISA","tokenizedPan":"4895370013554222","expiry":1767218399000,"isDefaultCard":true,"enabled":true,"canBeEnabled":true,"cardImageFileUri":"\/data\/user\/0\/com.gieseckedevrient.convego.demo\/files\/card_images\/F370ABABA44E4C7A9A2A3408BFEA010C_23936_32"},{"cardId":"F370ABABA44E4C7A9A2A3408BFEA010C_23475_31","remainingPaymentsCount":10,"scheme":"MASTERCARD","tokenizedPan":"5186161560219458","expiry":1648760399000,"isDefaultCard":false,"enabled":true,"canBeEnabled":true,"cardImageFileUri":"\/data\/user\/0\/com.gieseckedevrient.convego.demo\/files\/card_images\/F370ABABA44E4C7A9A2A3408BFEA010C_23475_31"}]
02-19 12:19:17.223   828  2200 V GDWallet: [Thread: com.gieseckedevrient.wallet-WidgetThread-9] PluginBase.executeDirectly(), line:80 background thread. Action: getPaymentCards. end. took: 71 ms
02-19 12:19:17.247   828   828 V GDWallet: [Thread: main] WidgetWebViewEngine.evaluateJavascript(), line:45 Begin. JavaScript: cordova.callbackFromNative('widgetapi1274386342',true,1,[[{"cardId":"F370ABABA44E4C7A9A2A3408BFEA010C_23936_32","remainingPaymentsCount":-1,"scheme":"VISA","tokenizedPan":"4895370013554222","expiry":1767218399000,"isDefaultCard":true,"enabled":true,"canBeEnabled":true,"cardImageFileUri":"\/data\/user\/0\/com.gieseckedevrient.convego.demo\/files\/card_images\/F370ABABA44E4C7A9A2A3408BFEA010C_23936_32"},{"cardId":"F370ABABA44E4C7A9A2A3408BFEA010C_23475_31","remainingPaymentsCount":10,"scheme":"MASTERCARD","tokenizedPan":"5186161560219458","expiry":1648760399000,"isDefaultCard":false,"enabled":true,"canBeEnabled":true,"cardImageFileUri":"\/data\/user\/0\/com.gieseckedevrient.convego.demo\/files\/card_images\/F370ABABA44E4C7A9A2A3408BFEA010C_23475_31"}]],false);
02-19 12:19:17.247   828   828 V GDWallet: [Thread: main] WidgetWebViewEngine.evaluateJavascript(), line:52 End.
02-19 12:19:17.252   828   985 V GDWallet: [Thread: JavaBridge] PluginBase.execute(), line:43 Begin. action: getComplementaryCardData
02-19 12:19:17.253   828   985 V GDWallet: [Thread: JavaBridge] WidgetApi.runOnUiThreadIfNeeded(), line:53 Begin.
02-19 12:19:17.253   828   985 V GDWallet: [Thread: JavaBridge] WidgetApi.runOnUiThreadIfNeeded(), line:74 End. wasRunOnUiThread: false
02-19 12:19:17.254   828   985 V GDWallet: [Thread: JavaBridge] PluginBase.execute(), line:62 End.
02-19 12:19:17.254   828  2200 V GDWallet: [Thread: com.gieseckedevrient.wallet-WidgetThread-9] PluginBase.executeDirectly(), line:69 background thread. Action: getComplementaryCardData. begin.
02-19 12:19:17.254   828  2200 V GDWallet: [Thread: com.gieseckedevrient.wallet-WidgetThread-9] WidgetApi.doExecute(), line:101 getComplementaryCardData("F370ABABA44E4C7A9A2A3408BFEA010C_23936_32")
02-19 12:19:17.254   828  2200 V GDWallet: [Thread: com.gieseckedevrient.wallet-WidgetThread-9] WidgetApi.getComplementaryCardData(), line:1086 Begin.
02-19 12:19:17.255   828  2200 V GDWallet: [Thread: com.gieseckedevrient.wallet-WidgetThread-9] CloudPayController.getComplementaryCardData(), line:1953 Begin. cardId: F370ABABA44E4C7A9A2A3408BFEA010C_23936_32
02-19 12:19:17.255   828  2200 V GDWallet: [Thread: com.gieseckedevrient.wallet-WidgetThread-9] Preferences.getJSONObject(), line:197 key: ComplementaryCardData_F370ABABA44E4C7A9A2A3408BFEA010C_23936_32 contains JSON String: {"objectKey":"3","scheme":"Visa","serviceId":32,"cardholder":"VERONIKA FRANZISKA ALEXANDRA","image":"img\/payment-card-visa-cdcvm.png","fundingPan":"4622943127008747","expiry":"2212"}
02-19 12:19:17.255   828  2200 V GDWallet: [Thread: com.gieseckedevrient.wallet-WidgetThread-9] CloudPayController.getComplementaryCardData(), line:1956 End.
02-19 12:19:17.255   828  2200 V GDWallet: [Thread: com.gieseckedevrient.wallet-WidgetThread-9] WidgetApi.getComplementaryCardData(), line:1093 End.
02-19 12:19:17.255   828  2200 V GDWallet: [Thread: com.gieseckedevrient.wallet-WidgetThread-9] WidgetApi.doExecute(), line:338 getComplementaryCardData("F370ABABA44E4C7A9A2A3408BFEA010C_23936_32") => DONE
02-19 12:19:17.256   828  2200 V GDWallet: [Thread: com.gieseckedevrient.wallet-WidgetThread-9] WidgetWebView.sendPluginResult(), line:400 Begin.
02-19 12:19:17.256   828  2200 V GDWallet: [Thread: com.gieseckedevrient.wallet-WidgetThread-9] Security.validateResult(), line:481 Begin.
02-19 12:19:17.256   828  2200 V GDWallet: [Thread: com.gieseckedevrient.wallet-WidgetThread-9] Security.extractMessageFrom(), line:497 Begin.
02-19 12:19:17.256   828  2200 V GDWallet: [Thread: com.gieseckedevrient.wallet-WidgetThread-9] Security.extractMessageFrom(), line:507 End. Message: {"objectKey":"3","scheme":"Visa","serviceId":32,"cardholder":"VERONIKA FRANZISKA ALEXANDRA","image":"img\/payment-card-visa-cdcvm.png","fundingPan":"4622943127008747","expiry":"2212"}
02-19 12:19:17.256   828  2200 V GDWallet: [Thread: com.gieseckedevrient.wallet-WidgetThread-9] Security.validateResult(), line:487 End.
02-19 12:19:17.256   828  2200 V GDWallet: [Thread: com.gieseckedevrient.wallet-WidgetThread-9] WidgetWebView.sendPluginResult(), line:410 End.
02-19 12:19:17.256   828  2200 V GDWallet: [Thread: com.gieseckedevrient.wallet-WidgetThread-9] PluginBase.executeDirectly(), line:74 background thread. Action : getComplementaryCardData completed. Result: {"objectKey":"3","scheme":"Visa","serviceId":32,"cardholder":"VERONIKA FRANZISKA ALEXANDRA","image":"img\/payment-card-visa-cdcvm.png","fundingPan":"4622943127008747","expiry":"2212"}
02-19 12:19:17.257   828  2200 V GDWallet: [Thread: com.gieseckedevrient.wallet-WidgetThread-9] PluginBase.executeDirectly(), line:80 background thread. Action: getComplementaryCardData. end. took: 3 ms
02-19 12:19:17.257   828   985 V GDWallet: [Thread: JavaBridge] PluginBase.execute(), line:43 Begin. action: getComplementaryCardData
02-19 12:19:17.257   828   985 V GDWallet: [Thread: JavaBridge] WidgetApi.runOnUiThreadIfNeeded(), line:53 Begin.
02-19 12:19:17.258   828   985 V GDWallet: [Thread: JavaBridge] WidgetApi.runOnUiThreadIfNeeded(), line:74 End. wasRunOnUiThread: false
02-19 12:19:17.258   828  2200 V GDWallet: [Thread: com.gieseckedevrient.wallet-WidgetThread-9] PluginBase.executeDirectly(), line:69 background thread. Action: getComplementaryCardData. begin.
02-19 12:19:17.258   828   985 V GDWallet: [Thread: JavaBridge] PluginBase.execute(), line:62 End.
02-19 12:19:17.258   828  2200 V GDWallet: [Thread: com.gieseckedevrient.wallet-WidgetThread-9] WidgetApi.doExecute(), line:101 getComplementaryCardData("F370ABABA44E4C7A9A2A3408BFEA010C_23475_31")
02-19 12:19:17.258   828  2200 V GDWallet: [Thread: com.gieseckedevrient.wallet-WidgetThread-9] WidgetApi.getComplementaryCardData(), line:1086 Begin.
02-19 12:19:17.258   828  2200 V GDWallet: [Thread: com.gieseckedevrient.wallet-WidgetThread-9] CloudPayController.getComplementaryCardData(), line:1953 Begin. cardId: F370ABABA44E4C7A9A2A3408BFEA010C_23475_31
02-19 12:19:17.259   828  2200 V GDWallet: [Thread: com.gieseckedevrient.wallet-WidgetThread-9] Preferences.getJSONObject(), line:197 key: ComplementaryCardData_F370ABABA44E4C7A9A2A3408BFEA010C_23475_31 contains JSON String: {"objectKey":"2","scheme":"Mastercard","serviceId":31,"cardholder":"VERONIKA FRANZISKA ALEXANDRA","image":"img\/payment-card-mc-cdcvm.png","fundingPan":"5186161550000124","expiry":"2007"}
02-19 12:19:17.259   828  2200 V GDWallet: [Thread: com.gieseckedevrient.wallet-WidgetThread-9] CloudPayController.getComplementaryCardData(), line:1956 End.
02-19 12:19:17.259   828  2200 V GDWallet: [Thread: com.gieseckedevrient.wallet-WidgetThread-9] WidgetApi.getComplementaryCardData(), line:1093 End.
02-19 12:19:17.259   828  2200 V GDWallet: [Thread: com.gieseckedevrient.wallet-WidgetThread-9] WidgetApi.doExecute(), line:338 getComplementaryCardData("F370ABABA44E4C7A9A2A3408BFEA010C_23475_31") => DONE
02-19 12:19:17.259   828  2200 V GDWallet: [Thread: com.gieseckedevrient.wallet-WidgetThread-9] WidgetWebView.sendPluginResult(), line:400 Begin.
02-19 12:19:17.259   828  2200 V GDWallet: [Thread: com.gieseckedevrient.wallet-WidgetThread-9] Security.validateResult(), line:481 Begin.
02-19 12:19:17.260   828  2200 V GDWallet: [Thread: com.gieseckedevrient.wallet-WidgetThread-9] Security.extractMessageFrom(), line:497 Begin.
02-19 12:19:17.260   828  2200 V GDWallet: [Thread: com.gieseckedevrient.wallet-WidgetThread-9] Security.extractMessageFrom(), line:507 End. Message: {"objectKey":"2","scheme":"Mastercard","serviceId":31,"cardholder":"VERONIKA FRANZISKA ALEXANDRA","image":"img\/payment-card-mc-cdcvm.png","fundingPan":"5186161550000124","expiry":"2007"}
02-19 12:19:17.260   828  2200 V GDWallet: [Thread: com.gieseckedevrient.wallet-WidgetThread-9] Security.validateResult(), line:487 End.
02-19 12:19:17.260   828  2200 V GDWallet: [Thread: com.gieseckedevrient.wallet-WidgetThread-9] WidgetWebView.sendPluginResult(), line:410 End.
02-19 12:19:17.260   828  2200 V GDWallet: [Thread: com.gieseckedevrient.wallet-WidgetThread-9] PluginBase.executeDirectly(), line:74 background thread. Action : getComplementaryCardData completed. Result: {"objectKey":"2","scheme":"Mastercard","serviceId":31,"cardholder":"VERONIKA FRANZISKA ALEXANDRA","image":"img\/payment-card-mc-cdcvm.png","fundingPan":"5186161550000124","expiry":"2007"}
02-19 12:19:17.260   828  2200 V GDWallet: [Thread: com.gieseckedevrient.wallet-WidgetThread-9] PluginBase.executeDirectly(), line:80 background thread. Action: getComplementaryCardData. end. took: 2 ms
02-19 12:19:17.273   828   828 V GDWallet: [Thread: main] WidgetWebViewEngine.evaluateJavascript(), line:45 Begin. JavaScript: cordova.callbackFromNative('widgetapi1274386344',true,1,[{"objectKey":"2","scheme":"Mastercard","serviceId":31,"cardholder":"VERONIKA FRANZISKA ALEXANDRA","image":"img\/payment-card-mc-cdcvm.png","fundingPan":"5186161550000124","expiry":"2007"}],false);
02-19 12:19:17.274   828   828 V GDWallet: [Thread: main] WidgetWebViewEngine.evaluateJavascript(), line:52 End.
02-19 12:19:17.278   828   985 V GDWallet: [Thread: JavaBridge] PluginBase.execute(), line:43 Begin. action: getPaymentCards
02-19 12:19:17.279   828   985 V GDWallet: [Thread: JavaBridge] WidgetApi.runOnUiThreadIfNeeded(), line:53 Begin.
02-19 12:19:17.279   828   985 V GDWallet: [Thread: JavaBridge] WidgetApi.runOnUiThreadIfNeeded(), line:74 End. wasRunOnUiThread: false
02-19 12:19:17.280   828   985 V GDWallet: [Thread: JavaBridge] PluginBase.execute(), line:62 End.
02-19 12:19:17.280   828  2200 V GDWallet: [Thread: com.gieseckedevrient.wallet-WidgetThread-9] PluginBase.executeDirectly(), line:69 background thread. Action: getPaymentCards. begin.
02-19 12:19:17.280   828  2200 V GDWallet: [Thread: com.gieseckedevrient.wallet-WidgetThread-9] WidgetApi.doExecute(), line:101 getPaymentCards()
02-19 12:19:17.281   828  2200 V GDWallet: [Thread: com.gieseckedevrient.wallet-WidgetThread-9] WidgetApi.getPaymentCards(), line:945 Begin.
02-19 12:19:17.281   828  2200 V GDWallet: [Thread: com.gieseckedevrient.wallet-WidgetThread-9] CloudPayController.getPaymentCards(), line:346 Begin.
02-19 12:19:17.281   828  2200 V GDWallet: [Thread: com.gieseckedevrient.wallet-WidgetThread-9] CloudPayController.getInitializedStartedCpClient(), line:303 Begin
02-19 12:19:17.281   828  2200 V GDWallet: [Thread: com.gieseckedevrient.wallet-WidgetThread-9] CloudPayController.getInitializedStartedCpClient(), line:340 End
02-19 12:19:17.282   828  2200 V GDWallet: [Thread: com.gieseckedevrient.wallet-WidgetThread-9] CloudPayController.getPaymentCards(), line:353 End.
02-19 12:19:17.282   828   985 V GDWallet: [Thread: JavaBridge] PluginBase.execute(), line:43 Begin. action: getPaymentCards
02-19 12:19:17.283   828   985 V GDWallet: [Thread: JavaBridge] WidgetApi.runOnUiThreadIfNeeded(), line:53 Begin.
02-19 12:19:17.283   828   985 V GDWallet: [Thread: JavaBridge] WidgetApi.runOnUiThreadIfNeeded(), line:74 End. wasRunOnUiThread: false
02-19 12:19:17.284   828   985 V GDWallet: [Thread: JavaBridge] PluginBase.execute(), line:62 End.
02-19 12:19:17.284   828  2197 V GDWallet: [Thread: com.gieseckedevrient.wallet-WidgetThread-6] PluginBase.executeDirectly(), line:69 background thread. Action: getPaymentCards. begin.
02-19 12:19:17.284   828  2197 V GDWallet: [Thread: com.gieseckedevrient.wallet-WidgetThread-6] WidgetApi.doExecute(), line:101 getPaymentCards()
02-19 12:19:17.284   828  2197 V GDWallet: [Thread: com.gieseckedevrient.wallet-WidgetThread-6] WidgetApi.getPaymentCards(), line:945 Begin.
02-19 12:19:17.284   828  2197 V GDWallet: [Thread: com.gieseckedevrient.wallet-WidgetThread-6] CloudPayController.getPaymentCards(), line:346 Begin.
02-19 12:19:17.285   828  2197 V GDWallet: [Thread: com.gieseckedevrient.wallet-WidgetThread-6] CloudPayController.getInitializedStartedCpClient(), line:303 Begin
02-19 12:19:17.285   828  2197 V GDWallet: [Thread: com.gieseckedevrient.wallet-WidgetThread-6] CloudPayController.getInitializedStartedCpClient(), line:340 End
02-19 12:19:17.286   828  2197 V GDWallet: [Thread: com.gieseckedevrient.wallet-WidgetThread-6] CloudPayController.getPaymentCards(), line:353 End.
02-19 12:19:17.292   828   985 V GDWallet: [Thread: JavaBridge] PluginBase.execute(), line:43 Begin. action: getPaymentCards
02-19 12:19:17.292   828   985 V GDWallet: [Thread: JavaBridge] WidgetApi.runOnUiThreadIfNeeded(), line:53 Begin.
02-19 12:19:17.293   828   985 V GDWallet: [Thread: JavaBridge] WidgetApi.runOnUiThreadIfNeeded(), line:74 End. wasRunOnUiThread: false
02-19 12:19:17.293   828   985 V GDWallet: [Thread: JavaBridge] PluginBase.execute(), line:62 End.
02-19 12:19:17.293   828  2198 V GDWallet: [Thread: com.gieseckedevrient.wallet-WidgetThread-7] PluginBase.executeDirectly(), line:69 background thread. Action: getPaymentCards. begin.
02-19 12:19:17.293   828  2198 V GDWallet: [Thread: com.gieseckedevrient.wallet-WidgetThread-7] WidgetApi.doExecute(), line:101 getPaymentCards()
02-19 12:19:17.293   828  2198 V GDWallet: [Thread: com.gieseckedevrient.wallet-WidgetThread-7] WidgetApi.getPaymentCards(), line:945 Begin.
02-19 12:19:17.294   828  2198 V GDWallet: [Thread: com.gieseckedevrient.wallet-WidgetThread-7] CloudPayController.getPaymentCards(), line:346 Begin.
02-19 12:19:17.294   828  2198 V GDWallet: [Thread: com.gieseckedevrient.wallet-WidgetThread-7] CloudPayController.getInitializedStartedCpClient(), line:303 Begin
02-19 12:19:17.294   828  2198 V GDWallet: [Thread: com.gieseckedevrient.wallet-WidgetThread-7] CloudPayController.getInitializedStartedCpClient(), line:340 End
02-19 12:19:17.295   828  2198 V GDWallet: [Thread: com.gieseckedevrient.wallet-WidgetThread-7] CloudPayController.getPaymentCards(), line:353 End.
02-19 12:19:17.296   828  2200 V GDWallet: [Thread: com.gieseckedevrient.wallet-WidgetThread-9] CloudPayController.getCardImageFileUri(), line:494 Begin.
02-19 12:19:17.296   828  2200 V GDWallet: [Thread: com.gieseckedevrient.wallet-WidgetThread-9] CloudPayController.getCardImageFileUri(), line:502 End. cardImagePath: /data/user/0/com.gieseckedevrient.convego.demo/files/card_images/F370ABABA44E4C7A9A2A3408BFEA010C_23936_32
02-19 12:19:17.302   828   985 V GDWallet: [Thread: JavaBridge] WidgetPreferences.execute(), line:34 getString(true, "cardEnrolling")
02-19 12:19:17.303   828  2199 V GDWallet: [Thread: com.gieseckedevrient.wallet-WidgetThread-8] Preferences.getString(), line:172 key: SharedWidgetPreference_cardEnrolling returns: null
02-19 12:19:17.303   828  2199 V GDWallet: [Thread: com.gieseckedevrient.wallet-WidgetThread-8] WidgetPreferences$1.run(), line:95 getString(true, "cardEnrolling") => DONE
02-19 12:19:17.303   828  2199 V GDWallet: [Thread: com.gieseckedevrient.wallet-WidgetThread-8] WidgetWebView.sendPluginResult(), line:400 Begin.
02-19 12:19:17.303   828  2199 V GDWallet: [Thread: com.gieseckedevrient.wallet-WidgetThread-8] Security.validateResult(), line:481 Begin.
02-19 12:19:17.304   828  2199 V GDWallet: [Thread: com.gieseckedevrient.wallet-WidgetThread-8] Security.extractMessageFrom(), line:497 Begin.
02-19 12:19:17.304   828  2199 V GDWallet: [Thread: com.gieseckedevrient.wallet-WidgetThread-8] Security.extractMessageFrom(), line:507 End. Message: "null"
02-19 12:19:17.304   828   985 V GDWallet: [Thread: JavaBridge] WidgetPreferences.execute(), line:34 getString(true, "cardEnrolling")
02-19 12:19:17.304   828  2199 V GDWallet: [Thread: com.gieseckedevrient.wallet-WidgetThread-8] Security.validateResult(), line:487 End.
02-19 12:19:17.305   828  2202 V GDWallet: [Thread: com.gieseckedevrient.wallet-WidgetThread-11] Preferences.getString(), line:172 key: SharedWidgetPreference_cardEnrolling returns: null
02-19 12:19:17.306   828  2202 V GDWallet: [Thread: com.gieseckedevrient.wallet-WidgetThread-11] WidgetPreferences$1.run(), line:95 getString(true, "cardEnrolling") => DONE
02-19 12:19:17.306   828  2197 V GDWallet: [Thread: com.gieseckedevrient.wallet-WidgetThread-6] CloudPayController.getCardImageFileUri(), line:494 Begin.
02-19 12:19:17.306   828  2202 V GDWallet: [Thread: com.gieseckedevrient.wallet-WidgetThread-11] WidgetWebView.sendPluginResult(), line:400 Begin.
02-19 12:19:17.306   828  2197 V GDWallet: [Thread: com.gieseckedevrient.wallet-WidgetThread-6] CloudPayController.getCardImageFileUri(), line:502 End. cardImagePath: /data/user/0/com.gieseckedevrient.convego.demo/files/card_images/F370ABABA44E4C7A9A2A3408BFEA010C_23936_32
02-19 12:19:17.306   828  2202 V GDWallet: [Thread: com.gieseckedevrient.wallet-WidgetThread-11] Security.validateResult(), line:481 Begin.
02-19 12:19:17.307   828  2202 V GDWallet: [Thread: com.gieseckedevrient.wallet-WidgetThread-11] Security.extractMessageFrom(), line:497 Begin.
02-19 12:19:17.307   828  2202 V GDWallet: [Thread: com.gieseckedevrient.wallet-WidgetThread-11] Security.extractMessageFrom(), line:507 End. Message: "null"
02-19 12:19:17.307   828  2202 V GDWallet: [Thread: com.gieseckedevrient.wallet-WidgetThread-11] Security.validateResult(), line:487 End.
02-19 12:19:17.308   828  2202 V GDWallet: [Thread: com.gieseckedevrient.wallet-WidgetThread-11] WidgetWebView.sendPluginResult(), line:410 End.
02-19 12:19:17.315   828  2199 V GDWallet: [Thread: com.gieseckedevrient.wallet-WidgetThread-8] WidgetWebView.sendPluginResult(), line:410 End.
02-19 12:19:17.315   828  2198 V GDWallet: [Thread: com.gieseckedevrient.wallet-WidgetThread-7] CloudPayController.getCardImageFileUri(), line:494 Begin.
02-19 12:19:17.316   828  2198 V GDWallet: [Thread: com.gieseckedevrient.wallet-WidgetThread-7] CloudPayController.getCardImageFileUri(), line:502 End. cardImagePath: /data/user/0/com.gieseckedevrient.convego.demo/files/card_images/F370ABABA44E4C7A9A2A3408BFEA010C_23936_32
02-19 12:19:17.323   828   828 V GDWallet: [Thread: main] WidgetWebViewEngine.evaluateJavascript(), line:45 Begin. JavaScript: cordova.callbackFromNative('WidgetPreferences1274386349',true,1,["null"],false);
02-19 12:19:17.323   828   828 V GDWallet: [Thread: main] WidgetWebViewEngine.evaluateJavascript(), line:52 End.
02-19 12:19:17.343   828  2200 V GDWallet: [Thread: com.gieseckedevrient.wallet-WidgetThread-9] CloudPayController.getCardImageFileUri(), line:494 Begin.
02-19 12:19:17.343   828  2200 V GDWallet: [Thread: com.gieseckedevrient.wallet-WidgetThread-9] CloudPayController.getCardImageFileUri(), line:502 End. cardImagePath: /data/user/0/com.gieseckedevrient.convego.demo/files/card_images/F370ABABA44E4C7A9A2A3408BFEA010C_23475_31
02-19 12:19:17.343   828  2200 V GDWallet: [Thread: com.gieseckedevrient.wallet-WidgetThread-9] WidgetApi.getPaymentCards(), line:968 End.
02-19 12:19:17.343   828  2200 V GDWallet: [Thread: com.gieseckedevrient.wallet-WidgetThread-9] WidgetApi.doExecute(), line:338 getPaymentCards() => DONE
02-19 12:19:17.343   828  2200 V GDWallet: [Thread: com.gieseckedevrient.wallet-WidgetThread-9] WidgetWebView.sendPluginResult(), line:400 Begin.
02-19 12:19:17.344   828  2200 V GDWallet: [Thread: com.gieseckedevrient.wallet-WidgetThread-9] Security.validateResult(), line:481 Begin.
02-19 12:19:17.344   828  2200 V GDWallet: [Thread: com.gieseckedevrient.wallet-WidgetThread-9] Security.extractMessageFrom(), line:497 Begin.
02-19 12:19:17.344   828  2200 V GDWallet: [Thread: com.gieseckedevrient.wallet-WidgetThread-9] Security.extractMessageFrom(), line:507 End. Message: [{"cardId":"F370ABABA44E4C7A9A2A3408BFEA010C_23936_32","remainingPaymentsCount":-1,"scheme":"VISA","tokenizedPan":"4895370013554222","expiry":1767218399000,"isDefaultCard":true,"enabled":true,"canBeEnabled":true,"cardImageFileUri":"\/data\/user\/0\/com.gieseckedevrient.convego.demo\/files\/card_images\/F370ABABA44E4C7A9A2A3408BFEA010C_23936_32"},{"cardId":"F370ABABA44E4C7A9A2A3408BFEA010C_23475_31","remainingPaymentsCount":10,"scheme":"MASTERCARD","tokenizedPan":"5186161560219458","expiry":1648760399000,"isDefaultCard":false,"enabled":true,"canBeEnabled":true,"cardImageFileUri":"\/data\/user\/0\/com.gieseckedevrient.convego.demo\/files\/card_images\/F370ABABA44E4C7A9A2A3408BFEA010C_23475_31"}]
02-19 12:19:17.344   828  2200 V GDWallet: [Thread: com.gieseckedevrient.wallet-WidgetThread-9] Security.validateResult(), line:487 End.
02-19 12:19:17.344   828  2200 V GDWallet: [Thread: com.gieseckedevrient.wallet-WidgetThread-9] WidgetWebView.sendPluginResult(), line:410 End.
02-19 12:19:17.344   828  2200 V GDWallet: [Thread: com.gieseckedevrient.wallet-WidgetThread-9] PluginBase.executeDirectly(), line:74 background thread. Action : getPaymentCards completed. Result: [{"cardId":"F370ABABA44E4C7A9A2A3408BFEA010C_23936_32","remainingPaymentsCount":-1,"scheme":"VISA","tokenizedPan":"4895370013554222","expiry":1767218399000,"isDefaultCard":true,"enabled":true,"canBeEnabled":true,"cardImageFileUri":"\/data\/user\/0\/com.gieseckedevrient.convego.demo\/files\/card_images\/F370ABABA44E4C7A9A2A3408BFEA010C_23936_32"},{"cardId":"F370ABABA44E4C7A9A2A3408BFEA010C_23475_31","remainingPaymentsCount":10,"scheme":"MASTERCARD","tokenizedPan":"5186161560219458","expiry":1648760399000,"isDefaultCard":false,"enabled":true,"canBeEnabled":true,"cardImageFileUri":"\/data\/user\/0\/com.gieseckedevrient.convego.demo\/files\/card_images\/F370ABABA44E4C7A9A2A3408BFEA010C_23475_31"}]
02-19 12:19:17.344   828  2200 V GDWallet: [Thread: com.gieseckedevrient.wallet-WidgetThread-9] PluginBase.executeDirectly(), line:80 background thread. Action: getPaymentCards. end. took: 64 ms
02-19 12:19:17.351   828   828 V GDWallet: [Thread: main] WidgetWebViewEngine.evaluateJavascript(), line:45 Begin. JavaScript: cordova.callbackFromNative('widgetapi1274386345',true,1,[[{"cardId":"F370ABABA44E4C7A9A2A3408BFEA010C_23936_32","remainingPaymentsCount":-1,"scheme":"VISA","tokenizedPan":"4895370013554222","expiry":1767218399000,"isDefaultCard":true,"enabled":true,"canBeEnabled":true,"cardImageFileUri":"\/data\/user\/0\/com.gieseckedevrient.convego.demo\/files\/card_images\/F370ABABA44E4C7A9A2A3408BFEA010C_23936_32"},{"cardId":"F370ABABA44E4C7A9A2A3408BFEA010C_23475_31","remainingPaymentsCount":10,"scheme":"MASTERCARD","tokenizedPan":"5186161560219458","expiry":1648760399000,"isDefaultCard":false,"enabled":true,"canBeEnabled":true,"cardImageFileUri":"\/data\/user\/0\/com.gieseckedevrient.convego.demo\/files\/card_images\/F370ABABA44E4C7A9A2A3408BFEA010C_23475_31"}]],false);
02-19 12:19:17.351   828   828 V GDWallet: [Thread: main] WidgetWebViewEngine.evaluateJavascript(), line:52 End.
02-19 12:19:17.381   828  2197 V GDWallet: [Thread: com.gieseckedevrient.wallet-WidgetThread-6] CloudPayController.getCardImageFileUri(), line:494 Begin.
02-19 12:19:17.382   828  2197 V GDWallet: [Thread: com.gieseckedevrient.wallet-WidgetThread-6] CloudPayController.getCardImageFileUri(), line:502 End. cardImagePath: /data/user/0/com.gieseckedevrient.convego.demo/files/card_images/F370ABABA44E4C7A9A2A3408BFEA010C_23475_31
02-19 12:19:17.382   828  2197 V GDWallet: [Thread: com.gieseckedevrient.wallet-WidgetThread-6] WidgetApi.getPaymentCards(), line:968 End.
02-19 12:19:17.382   828  2197 V GDWallet: [Thread: com.gieseckedevrient.wallet-WidgetThread-6] WidgetApi.doExecute(), line:338 getPaymentCards() => DONE
02-19 12:19:17.382   828  2197 V GDWallet: [Thread: com.gieseckedevrient.wallet-WidgetThread-6] WidgetWebView.sendPluginResult(), line:400 Begin.
02-19 12:19:17.382   828  2197 V GDWallet: [Thread: com.gieseckedevrient.wallet-WidgetThread-6] Security.validateResult(), line:481 Begin.
02-19 12:19:17.382   828  2197 V GDWallet: [Thread: com.gieseckedevrient.wallet-WidgetThread-6] Security.extractMessageFrom(), line:497 Begin.
02-19 12:19:17.382   828  2197 V GDWallet: [Thread: com.gieseckedevrient.wallet-WidgetThread-6] Security.extractMessageFrom(), line:507 End. Message: [{"cardId":"F370ABABA44E4C7A9A2A3408BFEA010C_23936_32","remainingPaymentsCount":-1,"scheme":"VISA","tokenizedPan":"4895370013554222","expiry":1767218399000,"isDefaultCard":true,"enabled":true,"canBeEnabled":true,"cardImageFileUri":"\/data\/user\/0\/com.gieseckedevrient.convego.demo\/files\/card_images\/F370ABABA44E4C7A9A2A3408BFEA010C_23936_32"},{"cardId":"F370ABABA44E4C7A9A2A3408BFEA010C_23475_31","remainingPaymentsCount":10,"scheme":"MASTERCARD","tokenizedPan":"5186161560219458","expiry":1648760399000,"isDefaultCard":false,"enabled":true,"canBeEnabled":true,"cardImageFileUri":"\/data\/user\/0\/com.gieseckedevrient.convego.demo\/files\/card_images\/F370ABABA44E4C7A9A2A3408BFEA010C_23475_31"}]
02-19 12:19:17.382   828  2197 V GDWallet: [Thread: com.gieseckedevrient.wallet-WidgetThread-6] Security.validateResult(), line:487 End.
02-19 12:19:17.383   828  2197 V GDWallet: [Thread: com.gieseckedevrient.wallet-WidgetThread-6] WidgetWebView.sendPluginResult(), line:410 End.
02-19 12:19:17.383   828  2197 V GDWallet: [Thread: com.gieseckedevrient.wallet-WidgetThread-6] PluginBase.executeDirectly(), line:74 background thread. Action : getPaymentCards completed. Result: [{"cardId":"F370ABABA44E4C7A9A2A3408BFEA010C_23936_32","remainingPaymentsCount":-1,"scheme":"VISA","tokenizedPan":"4895370013554222","expiry":1767218399000,"isDefaultCard":true,"enabled":true,"canBeEnabled":true,"cardImageFileUri":"\/data\/user\/0\/com.gieseckedevrient.convego.demo\/files\/card_images\/F370ABABA44E4C7A9A2A3408BFEA010C_23936_32"},{"cardId":"F370ABABA44E4C7A9A2A3408BFEA010C_23475_31","remainingPaymentsCount":10,"scheme":"MASTERCARD","tokenizedPan":"5186161560219458","expiry":1648760399000,"isDefaultCard":false,"enabled":true,"canBeEnabled":true,"cardImageFileUri":"\/data\/user\/0\/com.gieseckedevrient.convego.demo\/files\/card_images\/F370ABABA44E4C7A9A2A3408BFEA010C_23475_31"}]
02-19 12:19:17.383   828  2197 V GDWallet: [Thread: com.gieseckedevrient.wallet-WidgetThread-6] PluginBase.executeDirectly(), line:80 background thread. Action: getPaymentCards. end. took: 99 ms
02-19 12:19:17.383   828   828 V GDWallet: [Thread: main] WidgetWebViewEngine.evaluateJavascript(), line:45 Begin. JavaScript: cordova.callbackFromNative('widgetapi1274386346',true,1,[[{"cardId":"F370ABABA44E4C7A9A2A3408BFEA010C_23936_32","remainingPaymentsCount":-1,"scheme":"VISA","tokenizedPan":"4895370013554222","expiry":1767218399000,"isDefaultCard":true,"enabled":true,"canBeEnabled":true,"cardImageFileUri":"\/data\/user\/0\/com.gieseckedevrient.convego.demo\/files\/card_images\/F370ABABA44E4C7A9A2A3408BFEA010C_23936_32"},{"cardId":"F370ABABA44E4C7A9A2A3408BFEA010C_23475_31","remainingPaymentsCount":10,"scheme":"MASTERCARD","tokenizedPan":"5186161560219458","expiry":1648760399000,"isDefaultCard":false,"enabled":true,"canBeEnabled":true,"cardImageFileUri":"\/data\/user\/0\/com.gieseckedevrient.convego.demo\/files\/card_images\/F370ABABA44E4C7A9A2A3408BFEA010C_23475_31"}]],false);
02-19 12:19:17.384   828   828 V GDWallet: [Thread: main] WidgetWebViewEngine.evaluateJavascript(), line:52 End.
02-19 12:19:17.385   828  2198 V GDWallet: [Thread: com.gieseckedevrient.wallet-WidgetThread-7] CloudPayController.getCardImageFileUri(), line:494 Begin.
02-19 12:19:17.386   828  2198 V GDWallet: [Thread: com.gieseckedevrient.wallet-WidgetThread-7] CloudPayController.getCardImageFileUri(), line:502 End. cardImagePath: /data/user/0/com.gieseckedevrient.convego.demo/files/card_images/F370ABABA44E4C7A9A2A3408BFEA010C_23475_31
02-19 12:19:17.386   828  2198 V GDWallet: [Thread: com.gieseckedevrient.wallet-WidgetThread-7] WidgetApi.getPaymentCards(), line:968 End.
02-19 12:19:17.387   828  2198 V GDWallet: [Thread: com.gieseckedevrient.wallet-WidgetThread-7] WidgetApi.doExecute(), line:338 getPaymentCards() => DONE
02-19 12:19:17.387   828  2198 V GDWallet: [Thread: com.gieseckedevrient.wallet-WidgetThread-7] WidgetWebView.sendPluginResult(), line:400 Begin.
02-19 12:19:17.387   828  2198 V GDWallet: [Thread: com.gieseckedevrient.wallet-WidgetThread-7] Security.validateResult(), line:481 Begin.
02-19 12:19:17.387   828  2198 V GDWallet: [Thread: com.gieseckedevrient.wallet-WidgetThread-7] Security.extractMessageFrom(), line:497 Begin.
02-19 12:19:17.387   828  2198 V GDWallet: [Thread: com.gieseckedevrient.wallet-WidgetThread-7] Security.extractMessageFrom(), line:507 End. Message: [{"cardId":"F370ABABA44E4C7A9A2A3408BFEA010C_23936_32","remainingPaymentsCount":-1,"scheme":"VISA","tokenizedPan":"4895370013554222","expiry":1767218399000,"isDefaultCard":true,"enabled":true,"canBeEnabled":true,"cardImageFileUri":"\/data\/user\/0\/com.gieseckedevrient.convego.demo\/files\/card_images\/F370ABABA44E4C7A9A2A3408BFEA010C_23936_32"},{"cardId":"F370ABABA44E4C7A9A2A3408BFEA010C_23475_31","remainingPaymentsCount":10,"scheme":"MASTERCARD","tokenizedPan":"5186161560219458","expiry":1648760399000,"isDefaultCard":false,"enabled":true,"canBeEnabled":true,"cardImageFileUri":"\/data\/user\/0\/com.gieseckedevrient.convego.demo\/files\/card_images\/F370ABABA44E4C7A9A2A3408BFEA010C_23475_31"}]
02-19 12:19:17.387   828  2198 V GDWallet: [Thread: com.gieseckedevrient.wallet-WidgetThread-7] Security.validateResult(), line:487 End.
02-19 12:19:17.388   828  2198 V GDWallet: [Thread: com.gieseckedevrient.wallet-WidgetThread-7] WidgetWebView.sendPluginResult(), line:410 End.
02-19 12:19:17.388   828   828 V GDWallet: [Thread: main] WidgetWebViewEngine.evaluateJavascript(), line:45 Begin. JavaScript: cordova.callbackFromNative('widgetapi1274386347',true,1,[[{"cardId":"F370ABABA44E4C7A9A2A3408BFEA010C_23936_32","remainingPaymentsCount":-1,"scheme":"VISA","tokenizedPan":"4895370013554222","expiry":1767218399000,"isDefaultCard":true,"enabled":true,"canBeEnabled":true,"cardImageFileUri":"\/data\/user\/0\/com.gieseckedevrient.convego.demo\/files\/card_images\/F370ABABA44E4C7A9A2A3408BFEA010C_23936_32"},{"cardId":"F370ABABA44E4C7A9A2A3408BFEA010C_23475_31","remainingPaymentsCount":10,"scheme":"MASTERCARD","tokenizedPan":"5186161560219458","expiry":1648760399000,"isDefaultCard":false,"enabled":true,"canBeEnabled":true,"cardImageFileUri":"\/data\/user\/0\/com.gieseckedevrient.convego.demo\/files\/card_images\/F370ABABA44E4C7A9A2A3408BFEA010C_23475_31"}]],false);
02-19 12:19:17.388   828  2198 V GDWallet: [Thread: com.gieseckedevrient.wallet-WidgetThread-7] PluginBase.executeDirectly(), line:74 background thread. Action : getPaymentCards completed. Result: [{"cardId":"F370ABABA44E4C7A9A2A3408BFEA010C_23936_32","remainingPaymentsCount":-1,"scheme":"VISA","tokenizedPan":"4895370013554222","expiry":1767218399000,"isDefaultCard":true,"enabled":true,"canBeEnabled":true,"cardImageFileUri":"\/data\/user\/0\/com.gieseckedevrient.convego.demo\/files\/card_images\/F370ABABA44E4C7A9A2A3408BFEA010C_23936_32"},{"cardId":"F370ABABA44E4C7A9A2A3408BFEA010C_23475_31","remainingPaymentsCount":10,"scheme":"MASTERCARD","tokenizedPan":"5186161560219458","expiry":1648760399000,"isDefaultCard":false,"enabled":true,"canBeEnabled":true,"cardImageFileUri":"\/data\/user\/0\/com.gieseckedevrient.convego.demo\/files\/card_images\/F370ABABA44E4C7A9A2A3408BFEA010C_23475_31"}]
02-19 12:19:17.388   828  2198 V GDWallet: [Thread: com.gieseckedevrient.wallet-WidgetThread-7] PluginBase.executeDirectly(), line:80 background thread. Action: getPaymentCards. end. took: 95 ms
02-19 12:19:17.389   828   828 V GDWallet: [Thread: main] WidgetWebViewEngine.evaluateJavascript(), line:52 End.
02-19 12:19:17.401   828   985 V GDWallet: [Thread: JavaBridge] PluginBase.execute(), line:43 Begin. action: getComplementaryCardData
02-19 12:19:17.401   828   985 V GDWallet: [Thread: JavaBridge] WidgetApi.runOnUiThreadIfNeeded(), line:53 Begin.
02-19 12:19:17.401   828   985 V GDWallet: [Thread: JavaBridge] WidgetApi.runOnUiThreadIfNeeded(), line:74 End. wasRunOnUiThread: false
02-19 12:19:17.402   828   985 V GDWallet: [Thread: JavaBridge] PluginBase.execute(), line:62 End.
02-19 12:19:17.402   828  2198 V GDWallet: [Thread: com.gieseckedevrient.wallet-WidgetThread-7] PluginBase.executeDirectly(), line:69 background thread. Action: getComplementaryCardData. begin.
02-19 12:19:17.402   828  2198 V GDWallet: [Thread: com.gieseckedevrient.wallet-WidgetThread-7] WidgetApi.doExecute(), line:101 getComplementaryCardData("F370ABABA44E4C7A9A2A3408BFEA010C_23936_32")
02-19 12:19:17.402   828  2198 V GDWallet: [Thread: com.gieseckedevrient.wallet-WidgetThread-7] WidgetApi.getComplementaryCardData(), line:1086 Begin.
02-19 12:19:17.402   828  2198 V GDWallet: [Thread: com.gieseckedevrient.wallet-WidgetThread-7] CloudPayController.getComplementaryCardData(), line:1953 Begin. cardId: F370ABABA44E4C7A9A2A3408BFEA010C_23936_32
02-19 12:19:17.403   828  2198 V GDWallet: [Thread: com.gieseckedevrient.wallet-WidgetThread-7] Preferences.getJSONObject(), line:197 key: ComplementaryCardData_F370ABABA44E4C7A9A2A3408BFEA010C_23936_32 contains JSON String: {"objectKey":"3","scheme":"Visa","serviceId":32,"cardholder":"VERONIKA FRANZISKA ALEXANDRA","image":"img\/payment-card-visa-cdcvm.png","fundingPan":"4622943127008747","expiry":"2212"}
02-19 12:19:17.403   828  2198 V GDWallet: [Thread: com.gieseckedevrient.wallet-WidgetThread-7] CloudPayController.getComplementaryCardData(), line:1956 End.
02-19 12:19:17.403   828  2198 V GDWallet: [Thread: com.gieseckedevrient.wallet-WidgetThread-7] WidgetApi.getComplementaryCardData(), line:1093 End.
02-19 12:19:17.403   828  2198 V GDWallet: [Thread: com.gieseckedevrient.wallet-WidgetThread-7] WidgetApi.doExecute(), line:338 getComplementaryCardData("F370ABABA44E4C7A9A2A3408BFEA010C_23936_32") => DONE
02-19 12:19:17.403   828  2198 V GDWallet: [Thread: com.gieseckedevrient.wallet-WidgetThread-7] WidgetWebView.sendPluginResult(), line:400 Begin.
02-19 12:19:17.403   828  2198 V GDWallet: [Thread: com.gieseckedevrient.wallet-WidgetThread-7] Security.validateResult(), line:481 Begin.
02-19 12:19:17.403   828  2198 V GDWallet: [Thread: com.gieseckedevrient.wallet-WidgetThread-7] Security.extractMessageFrom(), line:497 Begin.
02-19 12:19:17.404   828  2198 V GDWallet: [Thread: com.gieseckedevrient.wallet-WidgetThread-7] Security.extractMessageFrom(), line:507 End. Message: {"objectKey":"3","scheme":"Visa","serviceId":32,"cardholder":"VERONIKA FRANZISKA ALEXANDRA","image":"img\/payment-card-visa-cdcvm.png","fundingPan":"4622943127008747","expiry":"2212"}
02-19 12:19:17.404   828  2198 V GDWallet: [Thread: com.gieseckedevrient.wallet-WidgetThread-7] Security.validateResult(), line:487 End.
02-19 12:19:17.404   828  2198 V GDWallet: [Thread: com.gieseckedevrient.wallet-WidgetThread-7] WidgetWebView.sendPluginResult(), line:410 End.
02-19 12:19:17.404   828  2198 V GDWallet: [Thread: com.gieseckedevrient.wallet-WidgetThread-7] PluginBase.executeDirectly(), line:74 background thread. Action : getComplementaryCardData completed. Result: {"objectKey":"3","scheme":"Visa","serviceId":32,"cardholder":"VERONIKA FRANZISKA ALEXANDRA","image":"img\/payment-card-visa-cdcvm.png","fundingPan":"4622943127008747","expiry":"2212"}
