02-19 12:19:53.266  2613  2613 V GDWallet: [Thread: main] Security.isAllowedIpcData(), line:194 Begin. Key: profile, Value: 0
02-19 12:19:53.267  2613  2613 V GDWallet: [Thread: main] Security.isAllowedIpcData(), line:333 End. isAllowedIpcData: true
02-19 12:19:53.267  2613  2613 V GDWallet: [Thread: main] Security.cleanIpcData(), line:166 action: android.intent.action.MAIN
02-19 12:19:53.267  2613  2613 V GDWallet: [Thread: main] Security.cleanIpcData(), line:184 End.
02-19 12:19:53.267  2613  2613 V GDWallet: [Thread: main] BaseActivity.cleanAndSetIntent(), line:47 End.
02-19 12:19:53.319  2613  2613 V GDWallet: [Thread: main] ActivityLifecycleCallbacksListener.onActivityCreated(), line:17 activity: MainActivity
02-19 12:19:53.320  2613  2613 V GDWallet: [Thread: main] CloudPayController.addObserver(), line:1972 Begin.
02-19 12:19:53.320  2613  2613 V GDWallet: [Thread: main] CloudPayController.addObserver(), line:1976 End.
02-19 12:19:53.321  2613  2613 V GDWallet: [Thread: main] BaseActivity.onCreate(), line:62 End.
02-19 12:19:53.321  2613  2613 V GDWallet: [Thread: main] MainActivity.onCreate(), line:166 BUILD_GIT_COMMIT_ID = 02cd464302001d045a3c2bc0bb711ee93302d353
02-19 12:19:53.334  2613  2613 V GDWallet: [Thread: main] MainActivity.handleIntentParametersAndManageFragments(), line:762 Begin. activityIsBeingCreated: true
02-19 12:19:53.334  2613  2613 V GDWallet: [Thread: main] MainActivity.createPaymentAreaFragment(), line:364 begin.
02-19 12:19:53.335  2613  2613 V GDWallet: [Thread: main] PaymentAreaFragment.newInstance(), line:276 begin.
02-19 12:19:53.336  2613  2613 V GDWallet: [Thread: main] PaymentAreaFragment.<init>(), line:289 empty constructor.
02-19 12:19:53.336  2613  2613 V GDWallet: [Thread: main] PaymentAreaFragment.newInstance(), line:284 end.
02-19 12:19:53.339  2613  2613 V GDWallet: [Thread: main] PaymentAreaFragment.onCreate(), line:295 begin.
02-19 12:19:53.339  2613  2613 V GDWallet: [Thread: main] PaymentAreaFragment.onCreate(), line:303 end.
02-19 12:19:53.340  2613  2613 V GDWallet: [Thread: main] MainActivity.createPaymentAreaFragment(), line:372 end.
02-19 12:19:53.340  2613  2613 V GDWallet: [Thread: main] MainActivity.initWebViewsAndOtherFragments(), line:925 begin.
02-19 12:19:53.340  2613  2613 V GDWallet: [Thread: main] WebViews.<init>(), line:29 Begin. performance *** WebViews being created.
02-19 12:19:53.343  2613  2613 V GDWallet: [Thread: main] WidgetManager.<init>(), line:46 Begin.
02-19 12:19:53.343  2613  2613 V GDWallet: [Thread: main] WidgetManager.rollbackIncompleteWidgetOperations(), line:69 Begin.
02-19 12:19:53.344  2613  2613 V GDWallet: [Thread: main] WidgetManager.rollbackIncompleteWidgetOperations(), line:83 End.
02-19 12:19:53.344  2613  2613 V GDWallet: [Thread: main] WidgetManager.<init>(), line:61 End.
02-19 12:19:53.344  2613  2613 V GDWallet: [Thread: main] WebViews.startPreLoadingWidgetWebViews(), line:74 Begin.
02-19 12:19:53.344  2613  2613 V GDWallet: [Thread: main] WebViews.startPreLoadingWidgetWebViews(), line:93 End.
02-19 12:19:53.344  2613  2659 V GDWallet: [Thread: ConvegoApplicationThread-0] WidgetManager.getWidgets(), line:89 begin
02-19 12:19:53.345  2613  2613 V GDWallet: [Thread: main] WebViews.<init>(), line:37 End.
02-19 12:19:53.345  2613  2659 V GDWallet: [Thread: ConvegoApplicationThread-0] Widget.<init>(), line:79 Begin. widgetId: com.gieseckedevrient.wallet
02-19 12:19:53.345  2613  2659 V GDWallet: [Thread: ConvegoApplicationThread-0] WidgetManager.getWidgetVersions(), line:365 Version found: /data/user/0/com.gieseckedevrient.convego.demo/files/widgets/com.gieseckedevrient.wallet0.0.1
02-19 12:19:53.345  2613  2659 V GDWallet: [Thread: ConvegoApplicationThread-0] Widget.<init>(), line:106 widgetId: com.gieseckedevrient.wallet, widgetVersion: 0.0.1, widgetRootPath: /data/user/0/com.gieseckedevrient.convego.demo/files/widgets/com.gieseckedevrient.wallet
02-19 12:19:53.345  2613  2613 V GDWallet: [Thread: main] MainActivity.initWebViewsAndOtherFragments(), line:934 end.
02-19 12:19:53.346  2613  2613 V GDWallet: [Thread: main] MainActivity.triggerWidgetUpgrade(), line:685 Begin.
02-19 12:19:53.346  2613  2665 V GDWallet: [Thread: ConvegoApplicationThread-1] MainActivity.lambda$initWebViewsAndOtherFragments$2(), line:931 initWebViewsAndOtherFragments() refreshing development widgets in a background thread.
02-19 12:19:53.346  2613  2613 V GDWallet: [Thread: main] MainActivity.triggerWidgetUpgrade(), line:702 End.
02-19 12:19:53.346  2613  2613 V GDWallet: [Thread: main] MainActivity.warnUserIfAppVersionIsOlder(), line:855 Begin.
02-19 12:19:53.346  2613  2613 V GDWallet: [Thread: main] ConvegoApplicationBase.triggerFireBaseRemoteConfigRefresh(), line:545 Begin.
02-19 12:19:53.346  2613  2613 V GDWallet: [Thread: main] ConvegoApplicationBase$5.run(), line:551 triggerFireBaseRemoteConfigRefresh() In UI thread. Begin.
02-19 12:19:53.348  2613  2613 V GDWallet: [Thread: main] ConvegoApplicationBase$5.run(), line:572 triggerFireBaseRemoteConfigRefresh() In UI thread. End.
02-19 12:19:53.348  2613  2613 V GDWallet: [Thread: main] ConvegoApplicationBase.triggerFireBaseRemoteConfigRefresh(), line:575 End.
02-19 12:19:53.348  2613  2613 V GDWallet: [Thread: main] MainActivity.warnUserIfAppVersionIsOlder(), line:906 End.
02-19 12:19:53.348  2613  2613 V GDWallet: [Thread: main] MainActivity.requestSdkPermissions(), line:818 Begin.
02-19 12:19:53.348  2613  2613 V GDWallet: [Thread: main] BaseActivity.requestPermissions(), line:91 Begin.
02-19 12:19:53.348  2613  2613 V GDWallet: [Thread: main] BaseActivity.notGrantedPermissions(), line:123 Begin.
02-19 12:19:53.349  2613  2613 V GDWallet: [Thread: main] BaseActivity.notGrantedPermissions(), line:131 End.
02-19 12:19:53.349  2613  2613 V GDWallet: [Thread: main] MainActivity.lambda$requestSdkPermissions$0(), line:824 isGranted: true
02-19 12:19:53.350  2613  2613 V GDWallet: [Thread: main] BaseActivity.requestPermissions(), line:115 End.
02-19 12:19:53.350  2613  2613 V GDWallet: [Thread: main] MainActivity.requestSdkPermissions(), line:826 End.
02-19 12:19:53.350  2613  2613 V GDWallet: [Thread: main] MainActivity.checkWebviewVersion(), line:531 Begin.
02-19 12:19:53.352  2613  2659 V GDWallet: [Thread: ConvegoApplicationThread-0] Widget.<init>(), line:124 End
02-19 12:19:53.352  2613  2659 V GDWallet: [Thread: ConvegoApplicationThread-0] WidgetManager.getWidgets(), line:104 end
02-19 12:19:53.352  2613  2659 V GDWallet: [Thread: ConvegoApplicationThread-0] WebViews.preloadWidgetWebViews(), line:97 Begin. performance *** preloadWidgetWebViews started.
02-19 12:19:53.352  2613  2665 V GDWallet: [Thread: ConvegoApplicationThread-1] WidgetManager.refreshDevelopmentWidgets(), line:477 refreshDevelopmentWidgets() begin
02-19 12:19:53.352  2613  2659 V GDWallet: [Thread: ConvegoApplicationThread-0] WebViews.isWidgetRunningOrStarting(), line:208 Begin.
02-19 12:19:53.352  2613  2665 V GDWallet: [Thread: ConvegoApplicationThread-1] WidgetManager.installDevelopmentWidgets(), line:490 begin
02-19 12:19:53.352  2613  2659 V GDWallet: [Thread: ConvegoApplicationThread-0] WebViews.isWidgetRunningOrStarting(), line:216 End.
02-19 12:19:53.352  2613  2613 V GDWallet: [Thread: main] MainActivity.checkChromeVersion(), line:565 Begin.
02-19 12:19:53.352  2613  2613 V GDWallet: [Thread: main] MainActivity.checkChromeVersion(), line:566 Chrome version: 72.0.3626.105, versionCode: 362610552
02-19 12:19:53.353  2613  2665 V GDWallet: [Thread: ConvegoApplicationThread-1] WidgetManager.installDevelopmentWidgets(), line:516 end
02-19 12:19:53.353  2613  2659 V GDWallet: [Thread: ConvegoApplicationThread-0] WebViews.preloadWidgetWebView(), line:155 Widget pre-load priority: 500, id: com.gieseckedevrient.wallet
02-19 12:19:53.353  2613  2613 V GDWallet: [Thread: main] MainActivity.checkChromeVersion(), line:571 End.
02-19 12:19:53.353  2613  2665 V GDWallet: [Thread: ConvegoApplicationThread-1] WidgetManager.refreshDevelopmentWidgets(), line:483 refreshDevelopmentWidgets() end
02-19 12:19:53.353  2613  2613 V GDWallet: [Thread: main] MainActivity.checkWebviewVersion(), line:545 End.
02-19 12:19:53.353  2613  2613 V GDWallet: [Thread: main] MainActivity.handleIntentParametersAndManageFragments(), line:814 End.
02-19 12:19:53.353  2613  2613 I GDWallet: [Thread: main] MainActivity.onCreate(), line:186 end.
02-19 12:19:53.354  2613  2613 V GDWallet: [Thread: main] PaymentAreaFragment.onCreateView(), line:308 begin.
02-19 12:19:53.355  2613  2637 V GDWallet: [Thread: Queue] ConvegoApplicationBase.registerReceiver(), line:155 Begin.
02-19 12:19:53.355  2613  2637 V GDWallet: [Thread: Queue] Security.isRegistrationAllowed(), line:407 Begin.
02-19 12:19:53.356  2613  2637 V GDWallet: [Thread: Queue] Security.isRegistrationAllowed(), line:414 Receiver: null, filter: android.content.IntentFilter@c2fed15, action: android.intent.action.BATTERY_CHANGED
02-19 12:19:53.356  2613  2637 V GDWallet: [Thread: Queue] Security.isRegistrationAllowed(), line:468 End. isAllowed: true
02-19 12:19:53.357  2613  2637 V GDWallet: [Thread: Queue] ConvegoApplicationBase.registerReceiver(), line:161 End. result: Intent { act=android.intent.action.BATTERY_CHANGED flg=0x60000010 (has extras) }
02-19 12:19:53.357  2613  2637 V GDWallet: [Thread: Queue] ConvegoApplicationBase.registerReceiver(), line:155 Begin.
02-19 12:19:53.357  2613  2637 V GDWallet: [Thread: Queue] Security.isRegistrationAllowed(), line:407 Begin.
02-19 12:19:53.357  2613  2637 V GDWallet: [Thread: Queue] Security.isRegistrationAllowed(), line:414 Receiver: com.crashlytics.android.core.DevicePowerStateListener$1@96cf61b, filter: android.content.IntentFilter@a4333b8, action: android.intent.action.ACTION_POWER_CONNECTED
02-19 12:19:53.358  2613  2637 V GDWallet: [Thread: Queue] Security.isRegistrationAllowed(), line:468 End. isAllowed: true
02-19 12:19:53.360  2613  2637 V GDWallet: [Thread: Queue] ConvegoApplicationBase.registerReceiver(), line:161 End. result: null
02-19 12:19:53.360  2613  2637 V GDWallet: [Thread: Queue] ConvegoApplicationBase.registerReceiver(), line:155 Begin.
02-19 12:19:53.360  2613  2637 V GDWallet: [Thread: Queue] Security.isRegistrationAllowed(), line:407 Begin.
02-19 12:19:53.361  2613  2637 V GDWallet: [Thread: Queue] Security.isRegistrationAllowed(), line:414 Receiver: com.crashlytics.android.core.DevicePowerStateListener$2@35ad8f7, filter: android.content.IntentFilter@1d3d364, action: android.intent.action.ACTION_POWER_DISCONNECTED
02-19 12:19:53.361  2613  2637 V GDWallet: [Thread: Queue] Security.isRegistrationAllowed(), line:468 End. isAllowed: true
02-19 12:19:53.362  2613  2637 V GDWallet: [Thread: Queue] ConvegoApplicationBase.registerReceiver(), line:161 End. result: null
02-19 12:19:53.427  2613  2613 V GDWallet: [Thread: main] CarouselViewPager.<init>(), line:21 CardCarouselViewPager()
02-19 12:19:53.470  2613  2613 V GDWallet: [Thread: main] GDButton.setCustomFont(), line:38 assetPath: fonts/OpenSans-Regular.ttf
02-19 12:19:53.476  2613  2613 V GDWallet: [Thread: main] GDButton.setCustomFont(), line:38 assetPath: fonts/OpenSans-Regular.ttf
02-19 12:19:53.485  2613  2613 V GDWallet: [Thread: main] GDButton.setCustomFont(), line:38 assetPath: fonts/OpenSans-Regular.ttf
02-19 12:19:53.524  2613  2613 V GDWallet: [Thread: main] GDButton.setCustomFont(), line:38 assetPath: fonts/OpenSans-Regular.ttf
02-19 12:19:53.532  2613  2613 V GDWallet: [Thread: main] CarouselAdapter.<init>(), line:31 begin.
02-19 12:19:53.532  2613  2613 V GDWallet: [Thread: main] CarouselAdapter.populateFragments(), line:40 begin.
02-19 12:19:53.532  2613  2613 V GDWallet: [Thread: main] CloudPayController.getPaymentCards(), line:346 Begin.
02-19 12:19:53.532  2613  2613 V GDWallet: [Thread: main] CloudPayController.getInitializedStartedCpClient(), line:303 Begin
02-19 12:19:53.533  2613  2613 V GDWallet: [Thread: main] CloudPayController.constructCpClient(), line:167 begin
02-19 12:19:53.533  2613  2613 V GDWallet: [Thread: main] CloudPayController.constructCpClient(), line:170 creating the CPClient.
02-19 12:19:53.837  2613  2613 V GDWallet: [Thread: main] CloudPayController.constructCpClient(), line:173 CPClient was created.
02-19 12:19:53.838  2613  2613 V GDWallet: [Thread: main] CloudPayController.constructCpClient(), line:190 end
02-19 12:19:53.838  2613  2613 V GDWallet: [Thread: main] CloudPayController.getPushNotificationRegistrationId(), line:1567 Begin
02-19 12:19:53.838  2613  2613 V GDWallet: [Thread: main] CloudMessagingManager.getPushNotificationRegistrationId(), line:91 Begin-end.
02-19 12:19:53.839  2613  2613 V GDWallet: [Thread: main] Preferences.getString(), line:172 key: cashedCloudMessagingRegistrationId returns: dnxlNhYWVvY:APA91bGMUIX7a95VrW0pmQyTgcV3n2nHaOae2h_hawFkxiyPHEqqfItxd2Sw4TpGBYQGcjr_EovcXdBAlnKg7XB634qXmobGe_n6OVvQibSw4wJrSQsD8Hhh3XaT2HPsUb6y7Z8JQV96
02-19 12:19:53.839  2613  2613 V GDWallet: [Thread: main] CloudPayController.getPushNotificationRegistrationId(), line:1572 End
02-19 12:19:54.036  2613  2613 V GDWallet: [Thread: main] CloudPayController.onClientEvent(), line:1093 begin. clientEvent: READY
02-19 12:19:54.037  2613  2613 V GDWallet: [Thread: main] CloudPayController.onClientEvent(), line:1110 end.
02-19 12:19:54.038  2613  2613 V GDWallet: [Thread: main] CloudPayController.getInitializedStartedCpClient(), line:323 CP Client ID: F370ABABA44E4C7A9A2A3408BFEA010C
02-19 12:19:54.038  2613  2613 V GDWallet: [Thread: main] CloudPayController.readUserAuthenticationStateFromDevice(), line:1532 Begin.
02-19 12:19:54.038  2613  2613 V GDWallet: [Thread: main] Util.isDeviceSecure(), line:524 Begin.
02-19 12:19:54.039  2613  2613 V GDWallet: [Thread: main] Util.isDeviceSecure(), line:537 End. Returning: true
02-19 12:19:54.040  2613  2613 V GDWallet: [Thread: main] Util.isScreenLocked(), line:512 Begin.
02-19 12:19:54.040  2613  2613 V GDWallet: [Thread: main] Util.isScreenLocked(), line:515 End. Returning: false
02-19 12:19:54.040  2613  2613 V GDWallet: [Thread: main] CloudPayController.readUserAuthenticationStateFromDevice(), line:1541 End. authenticationState: LOCALLY_AUTHENTICATED_OS_PATTERN
02-19 12:19:54.040  2613  2613 V GDWallet: [Thread: main] CloudPayController.setEndUserAuthenticationState(), line:1547 Begin. state LOCALLY_AUTHENTICATED_OS_PATTERN
02-19 12:19:54.042  2613  2613 V GDWallet: [Thread: main] CloudPayController.setEndUserAuthenticationState(), line:1552 End.
02-19 12:19:54.042  2613  2613 V GDWallet: [Thread: main] ConvegoApplicationBase.registerReceiver(), line:155 Begin.
02-19 12:19:54.042  2613  2613 V GDWallet: [Thread: main] Security.isRegistrationAllowed(), line:407 Begin.
02-19 12:19:54.043  2613  2613 V GDWallet: [Thread: main] Security.isRegistrationAllowed(), line:414 Receiver: com.gieseckedevrient.convego.payment.CloudPayController$ScreenLockEventReceiver@de5cfa8, filter: android.content.IntentFilter@40ecac1, action: android.intent.action.SCREEN_OFF
02-19 12:19:54.043  2613  2613 V GDWallet: [Thread: main] Security.isRegistrationAllowed(), line:414 Receiver: com.gieseckedevrient.convego.payment.CloudPayController$ScreenLockEventReceiver@de5cfa8, filter: android.content.IntentFilter@40ecac1, action: android.intent.action.USER_PRESENT
02-19 12:19:54.043  2613  2613 V GDWallet: [Thread: main] Security.isRegistrationAllowed(), line:468 End. isAllowed: true
02-19 12:19:54.044  2613  2613 V GDWallet: [Thread: main] ConvegoApplicationBase.registerReceiver(), line:161 End. result: null
02-19 12:19:54.044  2613  2613 V GDWallet: [Thread: main] CloudPayController.getInitializedStartedCpClient(), line:340 End
02-19 12:19:54.045  2613  2613 V GDWallet: [Thread: main] CloudPayController.getPaymentCards(), line:353 End.
02-19 12:19:54.045  2613  2613 V GDWallet: [Thread: main] CarouselAdapter.populateFragments(), line:46 adding new CardFragment
02-19 12:19:54.045  2613  2613 V GDWallet: [Thread: main] CloudPayController.getPaymentCardAtIndex(), line:446 getPaymentCardAtIndex() index: 0
02-19 12:19:54.045  2613  2613 V GDWallet: [Thread: main] CloudPayController.getPaymentCards(), line:346 Begin.
02-19 12:19:54.046  2613  2613 V GDWallet: [Thread: main] CloudPayController.getInitializedStartedCpClient(), line:303 Begin
02-19 12:19:54.046  2613  2613 V GDWallet: [Thread: main] CloudPayController.getInitializedStartedCpClient(), line:340 End
02-19 12:19:54.046  2613  2613 V GDWallet: [Thread: main] CloudPayController.getPaymentCards(), line:353 End.
02-19 12:19:54.046  2613  2613 V GDWallet: [Thread: main] CardFragment.newInstance(), line:44 begin
02-19 12:19:54.047  2613  2613 V GDWallet: [Thread: main] CardFragment.newInstance(), line:49 end.
02-19 12:19:54.047  2613  2613 V GDWallet: [Thread: main] CloudPayController.getPaymentCards(), line:346 Begin.
02-19 12:19:54.047  2613  2613 V GDWallet: [Thread: main] CloudPayController.getInitializedStartedCpClient(), line:303 Begin
02-19 12:19:54.047  2613  2613 V GDWallet: [Thread: main] CloudPayController.getInitializedStartedCpClient(), line:340 End
02-19 12:19:54.047  2613  2613 V GDWallet: [Thread: main] CloudPayController.getPaymentCards(), line:353 End.
02-19 12:19:54.048  2613  2613 V GDWallet: [Thread: main] CarouselAdapter.populateFragments(), line:46 adding new CardFragment
02-19 12:19:54.048  2613  2613 V GDWallet: [Thread: main] CloudPayController.getPaymentCardAtIndex(), line:446 getPaymentCardAtIndex() index: 1
02-19 12:19:54.048  2613  2613 V GDWallet: [Thread: main] CloudPayController.getPaymentCards(), line:346 Begin.
02-19 12:19:54.048  2613  2613 V GDWallet: [Thread: main] CloudPayController.getInitializedStartedCpClient(), line:303 Begin
02-19 12:19:54.048  2613  2613 V GDWallet: [Thread: main] CloudPayController.getInitializedStartedCpClient(), line:340 End
02-19 12:19:54.048  2613  2613 V GDWallet: [Thread: main] CloudPayController.getPaymentCards(), line:353 End.
02-19 12:19:54.049  2613  2613 V GDWallet: [Thread: main] CardFragment.newInstance(), line:44 begin
02-19 12:19:54.049  2613  2613 V GDWallet: [Thread: main] CardFragment.newInstance(), line:49 end.
02-19 12:19:54.049  2613  2613 V GDWallet: [Thread: main] CloudPayController.getPaymentCards(), line:346 Begin.
02-19 12:19:54.049  2613  2613 V GDWallet: [Thread: main] CloudPayController.getInitializedStartedCpClient(), line:303 Begin
02-19 12:19:54.049  2613  2613 V GDWallet: [Thread: main] CloudPayController.getInitializedStartedCpClient(), line:340 End
02-19 12:19:54.050  2613  2613 V GDWallet: [Thread: main] CloudPayController.getPaymentCards(), line:353 End.
02-19 12:19:54.050  2613  2613 V GDWallet: [Thread: main] CardPlaceHolderManager.isCardPlaceHolderAdded(), line:230 Begin.
02-19 12:19:54.050  2613  2613 V GDWallet: [Thread: main] CardPlaceHolderManager.getCardPlaceHolderEndTimeStamp(), line:61 Begin.
02-19 12:19:54.050  2613  2613 V GDWallet: [Thread: main] Preferences.getLong(), line:116 key: cardPlaceHolderEndTimestamp returns: -1
02-19 12:19:54.050  2613  2613 V GDWallet: [Thread: main] CardPlaceHolderManager.getCardPlaceHolderEndTimeStamp(), line:63 End. savedTimeStamp: -1
02-19 12:19:54.051  2613  2613 V GDWallet: [Thread: main] CardPlaceHolderManager.isCardPlaceHolderAdded(), line:235 End. isAdded: false
02-19 12:19:54.051  2613  2613 V GDWallet: [Thread: main] CarouselAdapter.populateFragments(), line:61 adding new CardEnrollmentFragment
02-19 12:19:54.051  2613  2613 V GDWallet: [Thread: main] CarouselAdapter.populateFragments(), line:65 end.
02-19 12:19:54.051  2613  2613 V GDWallet: [Thread: main] CarouselAdapter.<init>(), line:36 end.
02-19 12:19:54.051  2613  2613 V GDWallet: [Thread: main] CloudPayController.getDefaultPaymentCard(), line:470 getDefaultPaymentCard()
02-19 12:19:54.052  2613  2613 V GDWallet: [Thread: main] CloudPayController.getInitializedStartedCpClient(), line:303 Begin
02-19 12:19:54.052  2613  2613 V GDWallet: [Thread: main] CloudPayController.getInitializedStartedCpClient(), line:340 End
02-19 12:19:54.052  2613  2613 V GDWallet: [Thread: main] PaymentAreaFragment.selectCardInCarousel(), line:993 begin.
02-19 12:19:54.053  2613  2613 V GDWallet: [Thread: main] CloudPayController.getPaymentCards(), line:346 Begin.
02-19 12:19:54.053  2613  2613 V GDWallet: [Thread: main] CloudPayController.getInitializedStartedCpClient(), line:303 Begin
02-19 12:19:54.053  2613  2613 V GDWallet: [Thread: main] CloudPayController.getInitializedStartedCpClient(), line:340 End
02-19 12:19:54.053  2613  2613 V GDWallet: [Thread: main] CloudPayController.getPaymentCards(), line:353 End.
02-19 12:19:54.053  2613  2613 V GDWallet: [Thread: main] PaymentAreaFragment.isTheSameCard(), line:2506 Begin.
02-19 12:19:54.053  2613  2613 V GDWallet: [Thread: main] PaymentAreaFragment.isTheSameCard(), line:2508 End. isTheSameCard: true
02-19 12:19:54.054  2613  2613 V GDWallet: [Thread: main] PaymentAreaFragment$ConditionalRunnable.run(), line:231 Begin.
02-19 12:19:54.054  2613  2613 V GDWallet: [Thread: main] PaymentAreaFragment.getCarouselFragmentsNextToCurrentFragment(), line:1152 getCarouselFragmentsNextToCurrentFragment()
02-19 12:19:54.054  2613  2613 V GDWallet: [Thread: main] PaymentAreaFragment$14.runIfFragmentAdded(), line:1308 updateUiBelowCarouselAndDisableCardsOnTheSide() setDefaultCardAnimationStarting: false
02-19 12:19:54.055  2613  2613 V GDWallet: [Thread: main] PaymentAreaFragment$14.runIfFragmentAdded(), line:1334 updateUiBelowCarouselAndDisableCardsOnTheSide() card index: 0
02-19 12:19:54.056  2613  2613 V GDWallet: [Thread: main] PaymentAreaFragment$ConditionalRunnable.run(), line:239 End.
02-19 12:19:54.056  2613  2665 V GDWallet: [Thread: ConvegoApplicationThread-1] CloudPayController.getPaymentCardAtIndex(), line:446 getPaymentCardAtIndex() index: 0
02-19 12:19:54.056  2613  2613 V GDWallet: [Thread: main] PaymentAreaFragment.selectCardInCarousel(), line:1011 end. carouselIsBeingMoved: false
02-19 12:19:54.056  2613  2665 V GDWallet: [Thread: ConvegoApplicationThread-1] CloudPayController.getPaymentCards(), line:346 Begin.
02-19 12:19:54.056  2613  2665 V GDWallet: [Thread: ConvegoApplicationThread-1] CloudPayController.getInitializedStartedCpClient(), line:303 Begin
02-19 12:19:54.056  2613  2665 V GDWallet: [Thread: ConvegoApplicationThread-1] CloudPayController.getInitializedStartedCpClient(), line:340 End
02-19 12:19:54.056  2613  2665 V GDWallet: [Thread: ConvegoApplicationThread-1] CloudPayController.getPaymentCards(), line:353 End.
02-19 12:19:54.057  2613  2613 V GDWallet: [Thread: main] PaymentAreaFragment.checkNfcEnabledIfNeeded(), line:2520 Begin.
02-19 12:19:54.057  2613  2613 V GDWallet: [Thread: main] CloudPayController.getEnabledPaymentCards(), line:359 Begin.
02-19 12:19:54.057  2613  2613 V GDWallet: [Thread: main] CloudPayController.getPaymentCards(), line:346 Begin.
02-19 12:19:54.057  2613  2613 V GDWallet: [Thread: main] CloudPayController.getInitializedStartedCpClient(), line:303 Begin
02-19 12:19:54.057  2613  2613 V GDWallet: [Thread: main] CloudPayController.getInitializedStartedCpClient(), line:340 End
02-19 12:19:54.058  2613  2613 V GDWallet: [Thread: main] CloudPayController.getPaymentCards(), line:353 End.
02-19 12:19:54.058  2613  2613 V GDWallet: [Thread: main] CloudPayController.getEnabledPaymentCards(), line:373 End.
02-19 12:19:54.059  2613  2613 V GDWallet: [Thread: main] PaymentAreaFragment.checkNfcEnabledIfNeeded(), line:2543 End.
02-19 12:19:54.059  2613  2613 V GDWallet: [Thread: main] MainActivity.registerReceiver(), line:214 Begin.
02-19 12:19:54.059  2613  2613 V GDWallet: [Thread: main] Security.isRegistrationAllowed(), line:407 Begin.
02-19 12:19:54.059  2613  2613 V GDWallet: [Thread: main] Security.isRegistrationAllowed(), line:414 Receiver: com.gieseckedevrient.convego.ui.payment.PaymentAreaFragment$NfcSettingsChangeReceiver@e595266, filter: android.content.IntentFilter@40759a7, action: android.nfc.action.ADAPTER_STATE_CHANGED
02-19 12:19:54.059  2613  2613 V GDWallet: [Thread: main] Security.isRegistrationAllowed(), line:468 End. isAllowed: true
02-19 12:19:54.061  2613  2613 V GDWallet: [Thread: main] MainActivity.registerReceiver(), line:220 End. result: null
02-19 12:19:54.061  2613  2613 V GDWallet: [Thread: main] PaymentAreaFragment.checkOsScreenLockIsEnabledIfNeeded(), line:2586 begin.
02-19 12:19:54.061  2613  2613 V GDWallet: [Thread: main] CloudPayController.getPaymentCards(), line:346 Begin.
02-19 12:19:54.061  2613  2613 V GDWallet: [Thread: main] CloudPayController.getInitializedStartedCpClient(), line:303 Begin
02-19 12:19:54.061  2613  2613 V GDWallet: [Thread: main] CloudPayController.getInitializedStartedCpClient(), line:340 End
02-19 12:19:54.062  2613  2613 V GDWallet: [Thread: main] CloudPayController.getPaymentCards(), line:353 End.
02-19 12:19:54.062  2613  2613 V GDWallet: [Thread: main] CloudPayController.isCardCdcvmCard(), line:384 Begin.
02-19 12:19:54.430  2613  2613 V GDWallet: [Thread: main] CloudPayController.isCardCdcvmCard(), line:393 End. isCdcvm: true
02-19 12:19:54.430  2613  2613 V GDWallet: [Thread: main] PaymentAreaFragment.checkOsScreenLockIsEnabled(), line:2603 begin.
02-19 12:19:54.430  2613  2613 V GDWallet: [Thread: main] Util.isDeviceSecure(), line:524 Begin.
02-19 12:19:54.432  2613  2613 V GDWallet: [Thread: main] Util.isDeviceSecure(), line:537 End. Returning: true
02-19 12:19:54.432  2613  2613 V GDWallet: [Thread: main] PaymentAreaFragment.checkOsScreenLockIsEnabled(), line:2627 end. lockScreenIsEnabled: true
02-19 12:19:54.432  2613  2613 V GDWallet: [Thread: main] PaymentAreaFragment.checkOsScreenLockIsEnabledIfNeeded(), line:2594 end.
02-19 12:19:54.432  2613  2613 V GDWallet: [Thread: main] MainActivity.isSplashScreenVisible(), line:191 begin.
02-19 12:19:54.432  2613  2613 V GDWallet: [Thread: main] MainActivity.isSplashScreenVisible(), line:193 end. isVisible: true
02-19 12:19:54.433  2613  2613 V GDWallet: [Thread: main] CloudPayController.addObserver(), line:1972 Begin.
02-19 12:19:54.433  2613  2613 V GDWallet: [Thread: main] CloudPayController.addObserver(), line:1976 End.
02-19 12:19:54.433  2613  2613 V GDWallet: [Thread: main] PaymentAreaFragment.onCreateView(), line:545 end.
02-19 12:19:54.436  2613  2613 V GDWallet: [Thread: main] MainActivity.onStart(), line:433 begin.
02-19 12:19:54.438  2613  2613 V GDWallet: [Thread: main] MainActivity.cancelScheduledActivityClosing(), line:154 Begin.
02-19 12:19:54.438  2613  2613 V GDWallet: [Thread: main] MainActivity.cancelScheduledActivityClosing(), line:156 End.
02-19 12:19:54.438  2613  2613 V GDWallet: [Thread: main] MainActivity.onStart(), line:437 end.
02-19 12:19:54.439  2613  2613 V GDWallet: [Thread: main] PaymentAreaFragment.onStart(), line:689 begin.
02-19 12:19:54.439  2613  2613 V GDWallet: [Thread: main] PaymentAreaFragment.onStart(), line:691 end.
02-19 12:19:54.443  2613  2613 V GDWallet: [Thread: main] MainActivity.onResume(), line:442 begin.
02-19 12:19:54.448  2613  2613 V GDWallet: [Thread: main] CloudPayController.showToastIfRunningOutOfTokens(), line:1671 Begin.
02-19 12:19:54.448  2613  2613 V GDWallet: [Thread: main] CloudPayController.showToastIfRunningOutOfTokens(), line:1701 End.
02-19 12:19:54.448  2613  2613 V GDWallet: [Thread: main] MainActivity.checkAndroidPaymentServiceSettings(), line:630 begin. forceCheck: false
02-19 12:19:54.448  2613  2613 V GDWallet: [Thread: main] CloudPayController.getEnabledPaymentCards(), line:359 Begin.
02-19 12:19:54.449  2613  2613 V GDWallet: [Thread: main] CloudPayController.getPaymentCards(), line:346 Begin.
02-19 12:19:54.449  2613  2613 V GDWallet: [Thread: main] CloudPayController.getInitializedStartedCpClient(), line:303 Begin
02-19 12:19:54.449  2613  2613 V GDWallet: [Thread: main] CloudPayController.getInitializedStartedCpClient(), line:340 End
02-19 12:19:54.449  2613  2665 V GDWallet: [Thread: ConvegoApplicationThread-1] CloudPayController.lambda$showToastIfRunningOutOfTokens$7(), line:1677 isShortTimeInterval: false, timeSinceLastToast: 1550571594448
02-19 12:19:54.449  2613  2613 V GDWallet: [Thread: main] CloudPayController.getPaymentCards(), line:353 End.
02-19 12:19:54.450  2613  2665 V GDWallet: [Thread: ConvegoApplicationThread-1] CloudPayController.getInitializedStartedCpClient(), line:303 Begin
02-19 12:19:54.450  2613  2613 V GDWallet: [Thread: main] CloudPayController.getEnabledPaymentCards(), line:373 End.
02-19 12:19:54.450  2613  2665 V GDWallet: [Thread: ConvegoApplicationThread-1] CloudPayController.getInitializedStartedCpClient(), line:340 End
02-19 12:19:54.455  2613  2613 V GDWallet: [Thread: main] MainActivity.checkAndroidPaymentServiceSettings(), line:636 alreadyDefault: false
02-19 12:19:54.455  2613  2613 V GDWallet: [Thread: main] MainActivity.checkAndroidPaymentServiceSettings(), line:641 our app is not the default payment service, but foreground app has priority.
02-19 12:19:54.460  2613  2613 V GDWallet: [Thread: main] MainActivity.checkAndroidPaymentServiceSettings(), line:656 end.
02-19 12:19:54.460  2613  2613 V GDWallet: [Thread: main] MainActivity.clearAllNotifications(), line:451 begin.
02-19 12:19:54.460  2613  2613 V GDWallet: [Thread: main] MainActivity.clearAllNotifications(), line:454 end.
02-19 12:19:54.461  2613  2613 V GDWallet: [Thread: main] MainActivity.onResume(), line:447 end.
02-19 12:19:54.461  2613  2613 V GDWallet: [Thread: main] FragmentBase.onResume(), line:46 begin
02-19 12:19:54.461  2613  2613 V GDWallet: [Thread: main] FragmentBase.onResume(), line:49 setFilterTouchesWhenObscuredRecursively() begin
02-19 12:19:54.462  2613  2613 V GDWallet: [Thread: main] FragmentBase.onResume(), line:51 setFilterTouchesWhenObscuredRecursively() end
02-19 12:19:54.462  2613  2613 V GDWallet: [Thread: main] FragmentBase.onResume(), line:52 end
02-19 12:19:54.463  2613  2613 V GDWallet: [Thread: main] MainActivity.onPostResume(), line:420 begin.
02-19 12:19:54.463  2613  2613 V GDWallet: [Thread: main] MainActivity.onPostResume(), line:428 end.
02-19 12:19:54.485  2613  2613 V GDWallet: [Thread: main] CloudMessagingManager$1.onComplete(), line:49 Begin.
02-19 12:19:54.486  2613  2613 V GDWallet: [Thread: main] CloudMessagingManager.handleRegistrationIdChanged(), line:65 Begin.
02-19 12:19:54.486  2613  2613 V GDWallet: [Thread: main] CloudMessagingManager.handleRegistrationIdChanged(), line:68 Registered to cloud messaging: dnxlNhYWVvY:APA91bGMUIX7a95VrW0pmQyTgcV3n2nHaOae2h_hawFkxiyPHEqqfItxd2Sw4TpGBYQGcjr_EovcXdBAlnKg7XB634qXmobGe_n6OVvQibSw4wJrSQsD8Hhh3XaT2HPsUb6y7Z8JQV96
02-19 12:19:54.486  2613  2613 V GDWallet: [Thread: main] Preferences.getString(), line:172 key: cashedCloudMessagingRegistrationId returns: dnxlNhYWVvY:APA91bGMUIX7a95VrW0pmQyTgcV3n2nHaOae2h_hawFkxiyPHEqqfItxd2Sw4TpGBYQGcjr_EovcXdBAlnKg7XB634qXmobGe_n6OVvQibSw4wJrSQsD8Hhh3XaT2HPsUb6y7Z8JQV96
02-19 12:19:54.486  2613  2613 W GDWallet: [Thread: main] CloudMessagingManager.handleRegistrationIdChanged(), line:71 Cloud messaging registration ID is the same as before.
02-19 12:19:54.486  2613  2613 V GDWallet: [Thread: main] CloudMessagingManager.handleRegistrationIdChanged(), line:79 End.
02-19 12:19:54.486  2613  2613 V GDWallet: [Thread: main] CloudMessagingManager$1.onComplete(), line:57 End.
02-19 12:19:54.487  2613  2613 V GDWallet: [Thread: main] WebViews.loadWidgetWebView(), line:170 Begin.
02-19 12:19:54.488  2613  2613 V GDWallet: [Thread: main] WebViews.isWidgetRunningOrStarting(), line:208 Begin.
02-19 12:19:54.488  2613  2613 V GDWallet: [Thread: main] WebViews.isWidgetRunningOrStarting(), line:216 End.
02-19 12:19:54.488  2613  2613 V GDWallet: [Thread: main] WebViews.loadWidgetWebView(), line:176 Loading widget: com.gieseckedevrient.wallet
02-19 12:19:54.614  2613  2709 V GDWallet: [Thread: Chrome_IOThread] ConvegoApplicationBase.registerReceiver(), line:155 Begin.
02-19 12:19:54.614  2613  2709 V GDWallet: [Thread: Chrome_IOThread] Security.isRegistrationAllowed(), line:407 Begin.
02-19 12:19:54.614  2613  2709 V GDWallet: [Thread: Chrome_IOThread] Security.isRegistrationAllowed(), line:414 Receiver: null, filter: android.content.IntentFilter@2a10bab, action: android.net.wifi.STATE_CHANGE
02-19 12:19:54.614  2613  2709 V GDWallet: [Thread: Chrome_IOThread] Security.isRegistrationAllowed(), line:468 End. isAllowed: true
02-19 12:19:54.615  2613  2709 V GDWallet: [Thread: Chrome_IOThread] ConvegoApplicationBase.registerReceiver(), line:161 End. result: Intent { act=android.net.wifi.STATE_CHANGE flg=0x4000010 (has extras) }
02-19 12:19:54.617  2613  2613 V GDWallet: [Thread: main] ConvegoApplicationBase.registerReceiver(), line:155 Begin.
02-19 12:19:54.617  2613  2613 V GDWallet: [Thread: main] Security.isRegistrationAllowed(), line:407 Begin.
02-19 12:19:54.618  2613  2613 V GDWallet: [Thread: main] Security.isRegistrationAllowed(), line:414 Receiver: org.chromium.net.ProxyChangeListener$ProxyReceiver@1624208, filter: android.content.IntentFilter@124bda1, action: android.intent.action.PROXY_CHANGE
02-19 12:19:54.618  2613  2613 V GDWallet: [Thread: main] Security.isRegistrationAllowed(), line:468 End. isAllowed: true
02-19 12:19:54.622  2613  2613 V GDWallet: [Thread: main] ConvegoApplicationBase.registerReceiver(), line:161 End. result: null
02-19 12:19:54.645  2613  2613 V GDWallet: [Thread: main] ConvegoApplicationBase.registerReceiver(), line:155 Begin.
02-19 12:19:54.645  2613  2613 V GDWallet: [Thread: main] Security.isRegistrationAllowed(), line:407 Begin.
02-19 12:19:54.645  2613  2613 V GDWallet: [Thread: main] Security.isRegistrationAllowed(), line:414 Receiver: org.chromium.net.NetworkChangeNotifierAutoDetect@7c1107f, filter: org.chromium.net.NetworkChangeNotifierAutoDetect$NetworkConnectivityIntentFilter@174e84c, action: android.net.conn.CONNECTIVITY_CHANGE
02-19 12:19:54.645  2613  2613 V GDWallet: [Thread: main] Security.isRegistrationAllowed(), line:468 End. isAllowed: true
02-19 12:19:54.647  2613  2613 V GDWallet: [Thread: main] ConvegoApplicationBase.registerReceiver(), line:161 End. result: Intent { act=android.net.conn.CONNECTIVITY_CHANGE flg=0x4000010 (has extras) }
02-19 12:19:54.684  2613  2613 V GDWallet: [Thread: main] WidgetWebView.<init>(), line:65 performance *** starting WidgetWebView for widget: com.gieseckedevrient.wallet
02-19 12:19:54.685  2613  2613 V GDWallet: [Thread: main] WidgetWebView.<init>(), line:77 constructor finished
02-19 12:19:54.685  2613  2613 V GDWallet: [Thread: main] WidgetWebView.init(), line:81 begin
02-19 12:19:54.690  2613  2613 V GDWallet: [Thread: main] MainActivity.registerReceiver(), line:214 Begin.
02-19 12:19:54.690  2613  2613 V GDWallet: [Thread: main] Security.isRegistrationAllowed(), line:407 Begin.
02-19 12:19:54.691  2613  2613 V GDWallet: [Thread: main] Security.isRegistrationAllowed(), line:414 Receiver: org.apache.cordova.engine.SystemWebViewEngine$2@205176f, filter: android.content.IntentFilter@828fc7c, action: android.intent.action.CONFIGURATION_CHANGED
02-19 12:19:54.691  2613  2613 V GDWallet: [Thread: main] Security.isRegistrationAllowed(), line:468 End. isAllowed: true
02-19 12:19:54.692  2613  2613 V GDWallet: [Thread: main] MainActivity.registerReceiver(), line:220 End. result: null
02-19 12:19:54.699  2613  2613 V GDWallet: [Thread: main] WidgetPreferences.initialize(), line:25 Begin.
02-19 12:19:54.699  2613  2613 V GDWallet: [Thread: main] WidgetPreferences.initialize(), line:29 End.
02-19 12:19:54.702  2613  2613 V GDWallet: [Thread: main] CloudPayController.addObserver(), line:1972 Begin.
02-19 12:19:54.702  2613  2613 V GDWallet: [Thread: main] CloudPayController.addObserver(), line:1976 End.
02-19 12:19:54.702  2613  2613 V GDWallet: [Thread: main] WidgetWebView.init(), line:102 end
02-19 12:19:54.702  2613  2613 V GDWallet: [Thread: main] WidgetWebView.loadWidgetUrl(), line:125 Begin.
02-19 12:19:54.702  2613  2613 V GDWallet: [Thread: main] Widget.getLaunchUrl(), line:193 Begin.
02-19 12:19:54.702  2613  2613 V GDWallet: [Thread: main] Widget.getLaunchUrl(), line:206 End. Launch URL: file:///data/user/0/com.gieseckedevrient.convego.demo/files/widgets/com.gieseckedevrient.wallet/0.0.1/widget.html
02-19 12:19:54.715  2613  2613 V GDWallet: [Thread: main] WidgetWebView.loadWidgetUrl(), line:144 End.
02-19 12:19:54.715  2613  2613 V GDWallet: [Thread: main] WebViews.loadWidgetWebView(), line:181 Widget is now loading: com.gieseckedevrient.wallet
02-19 12:19:54.716  2613  2613 V GDWallet: [Thread: main] WebViews.loadWidgetWebView(), line:189 End.
02-19 12:19:54.718  2613  2712 V GDWallet: [Thread: AudioThread] ConvegoApplicationBase.registerReceiver(), line:155 Begin.
02-19 12:19:54.718  2613  2712 V GDWallet: [Thread: AudioThread] Security.isRegistrationAllowed(), line:407 Begin.
02-19 12:19:54.719  2613  2712 V GDWallet: [Thread: AudioThread] Security.isRegistrationAllowed(), line:414 Receiver: csh@9476468, filter: android.content.IntentFilter@46da081, action: android.intent.action.HEADSET_PLUG
02-19 12:19:54.719  2613  2712 V GDWallet: [Thread: AudioThread] Security.isRegistrationAllowed(), line:468 End. isAllowed: true
02-19 12:19:54.720  2613  2707 V GDWallet: [Thread: TaskSchedulerFo] WidgetWebViewClient.shouldInterceptRequest(), line:43 Begin.
02-19 12:19:54.721  2613  2712 V GDWallet: [Thread: AudioThread] ConvegoApplicationBase.registerReceiver(), line:161 End. result: null
02-19 12:19:54.722  2613  2707 V GDWallet: [Thread: TaskSchedulerFo] WidgetWebViewClient.shouldInterceptRequest(), line:66 End.
02-19 12:19:54.722  2613  2712 V GDWallet: [Thread: AudioThread] ConvegoApplicationBase.registerReceiver(), line:155 Begin.
02-19 12:19:54.722  2613  2712 V GDWallet: [Thread: AudioThread] Security.isRegistrationAllowed(), line:407 Begin.
02-19 12:19:54.723  2613  2712 V GDWallet: [Thread: AudioThread] Security.isRegistrationAllowed(), line:414 Receiver: csl@e5ad526, filter: android.content.IntentFilter@b028567, action: android.hardware.usb.action.USB_DEVICE_ATTACHED
02-19 12:19:54.723  2613  2712 V GDWallet: [Thread: AudioThread] Security.isRegistrationAllowed(), line:414 Receiver: csl@e5ad526, filter: android.content.IntentFilter@b028567, action: android.hardware.usb.action.USB_DEVICE_DETACHED
02-19 12:19:54.723  2613  2712 V GDWallet: [Thread: AudioThread] Security.isRegistrationAllowed(), line:468 End. isAllowed: true
02-19 12:19:54.725  2613  2712 V GDWallet: [Thread: AudioThread] ConvegoApplicationBase.registerReceiver(), line:161 End. result: null
02-19 12:19:54.725  2613  2613 V GDWallet: [Thread: main] ConvegoApplicationBase.registerReceiver(), line:155 Begin.
02-19 12:19:54.725  2613  2613 V GDWallet: [Thread: main] Security.isRegistrationAllowed(), line:407 Begin.
02-19 12:19:54.725  2613  2613 V GDWallet: [Thread: main] Security.isRegistrationAllowed(), line:414 Receiver: org.chromium.net.NetworkChangeNotifierAutoDetect@9625f14, filter: org.chromium.net.NetworkChangeNotifierAutoDetect$NetworkConnectivityIntentFilter@552c3bd, action: android.net.conn.CONNECTIVITY_CHANGE
02-19 12:19:54.725  2613  2613 V GDWallet: [Thread: main] Security.isRegistrationAllowed(), line:468 End. isAllowed: true
02-19 12:19:54.727  2613  2613 V GDWallet: [Thread: main] ConvegoApplicationBase.registerReceiver(), line:161 End. result: Intent { act=android.net.conn.CONNECTIVITY_CHANGE flg=0x4000010 (has extras) }
02-19 12:19:54.743  2613  2613 V GDWallet: [Thread: main] PaymentAreaFragment$ConditionalRunnable.run(), line:231 Begin.
02-19 12:19:54.743  2613  2613 V GDWallet: [Thread: main] PaymentAreaFragment.isCardWithMobilePin(), line:2476 Begin.
02-19 12:19:54.744  2613  2613 V GDWallet: [Thread: main] PaymentAreaFragment.isCardWithMobilePin(), line:2478 cvmMode: VISA_CDCVM
02-19 12:19:54.744  2613  2613 V GDWallet: [Thread: main] PaymentAreaFragment.isCardWithMobilePin(), line:2481 End. Returning: false
02-19 12:19:54.747  2613  2613 V GDWallet: [Thread: main] PaymentAreaFragment$14$1$1.runIfFragmentAdded(), line:1363 updateUiBelowCarouselAndDisableCardsOnTheSide() card state: READY
02-19 12:19:54.749  2613  2613 V GDWallet: [Thread: main] PaymentAreaFragment$ConditionalRunnable.run(), line:239 End.
02-19 12:19:54.750  2613  2613 V GDWallet: [Thread: main] ApduService.<init>(), line:62 Begin.
02-19 12:19:54.763  2613  2613 V GDWallet: [Thread: main] ApduService.<init>(), line:68 End.
02-19 12:19:54.830  2613  2613 V GDWallet: [Thread: main] PaymentAreaFragment$7.onGlobalLayout(), line:673 cardCarouselViewPager has been added to layout
02-19 12:19:54.831  2613  2613 V GDWallet: [Thread: main] PaymentAreaFragment.setCorrectCarouselHeight(), line:936 card width: 840
02-19 12:19:54.831  2613  2613 V GDWallet: [Thread: main] PaymentAreaFragment.setCorrectCarouselHeight(), line:939 calculated new height: 528
02-19 12:19:54.856  2613  2613 V GDWallet: [Thread: main] ConvegoApplicationBase.registerReceiver(), line:155 Begin.
02-19 12:19:54.856  2613  2613 V GDWallet: [Thread: main] Security.isRegistrationAllowed(), line:407 Begin.
02-19 12:19:54.856  2613  2613 V GDWallet: [Thread: main] Security.isRegistrationAllowed(), line:414 Receiver: crR@a92f0d, filter: android.content.IntentFilter@56d2ec2, action: android.intent.action.TIMEZONE_CHANGED
02-19 12:19:54.856  2613  2613 V GDWallet: [Thread: main] Security.isRegistrationAllowed(), line:468 End. isAllowed: true
02-19 12:19:54.857  2613  2613 V GDWallet: [Thread: main] ConvegoApplicationBase.registerReceiver(), line:161 End. result: null
02-19 12:19:54.975  2613  2613 D CordovaWebViewImpl: onPageDidNavigate(file:///data/user/0/com.gieseckedevrient.convego.demo/files/widgets/com.gieseckedevrient.wallet/0.0.1/widget.html)
02-19 12:19:54.977  2613  2613 V GDWallet: [Thread: main] WidgetWebView.onMessage(), line:311 begin, id: onPageStarted, data: file:///data/user/0/com.gieseckedevrient.convego.demo/files/widgets/com.gieseckedevrient.wallet/0.0.1/widget.html
02-19 12:19:54.977  2613  2613 V GDWallet: [Thread: main] WidgetWebView.onMessage(), line:359 End.
02-19 12:19:55.009  2613  2708 V GDWallet: [Thread: TaskSchedulerFo] WidgetWebViewClient.shouldInterceptRequest(), line:43 Begin.
02-19 12:19:55.009  2613  2707 V GDWallet: [Thread: TaskSchedulerFo] WidgetWebViewClient.shouldInterceptRequest(), line:43 Begin.
02-19 12:19:55.010  2613  2707 V GDWallet: [Thread: TaskSchedulerFo] WidgetWebViewClient.shouldInterceptRequest(), line:66 End.
02-19 12:19:55.010  2613  2716 V GDWallet: [Thread: TaskSchedulerFo] WidgetWebViewClient.shouldInterceptRequest(), line:43 Begin.
02-19 12:19:55.011  2613  2707 V GDWallet: [Thread: TaskSchedulerFo] WidgetWebViewClient.shouldInterceptRequest(), line:43 Begin.
02-19 12:19:55.011  2613  2708 V GDWallet: [Thread: TaskSchedulerFo] WidgetWebViewClient.shouldInterceptRequest(), line:66 End.
02-19 12:19:55.012  2613  2707 V GDWallet: [Thread: TaskSchedulerFo] WidgetWebViewClient.shouldInterceptRequest(), line:66 End.
02-19 12:19:55.016  2613  2716 V GDWallet: [Thread: TaskSchedulerFo] WidgetWebViewClient.shouldInterceptRequest(), line:66 End.
02-19 12:19:55.354  2613  2659 V GDWallet: [Thread: ConvegoApplicationThread-0] WebViews.preloadWidgetWebViews(), line:114 End.
02-19 12:19:55.360  2613  2768 V GDWallet: [Thread: JavaBridge] MainActivity.registerReceiver(), line:214 Begin.
02-19 12:19:55.361  2613  2768 V GDWallet: [Thread: JavaBridge] Security.isRegistrationAllowed(), line:407 Begin.
02-19 12:19:55.361  2613  2768 V GDWallet: [Thread: JavaBridge] Security.isRegistrationAllowed(), line:414 Receiver: org.apache.cordova.CoreAndroid$5@e959b59, filter: android.content.IntentFilter@ade731e, action: android.intent.action.PHONE_STATE
02-19 12:19:55.361  2613  2768 V GDWallet: [Thread: JavaBridge] Security.isRegistrationAllowed(), line:449 Rejecting PHONE_STATE registration for CoreAndroid plug-in.
02-19 12:19:55.361  2613  2768 V GDWallet: [Thread: JavaBridge] Security.isRegistrationAllowed(), line:468 End. isAllowed: false
02-19 12:19:55.361  2613  2768 V GDWallet: [Thread: JavaBridge] MainActivity.registerReceiver(), line:220 End. result: null
02-19 12:19:55.363  2613  2768 V GDWallet: [Thread: JavaBridge] WidgetWebView.sendPluginResult(), line:400 Begin.
02-19 12:19:55.363  2613  2768 V GDWallet: [Thread: JavaBridge] Security.validateResult(), line:481 Begin.
02-19 12:19:55.363  2613  2768 V GDWallet: [Thread: JavaBridge] Security.extractMessageFrom(), line:497 Begin.
02-19 12:19:55.363  2613  2768 V GDWallet: [Thread: JavaBridge] Security.extractMessageFrom(), line:507 End. Message: ""
02-19 12:19:55.363  2613  2768 V GDWallet: [Thread: JavaBridge] Security.validateResult(), line:487 End.
02-19 12:19:55.363  2613  2768 V GDWallet: [Thread: JavaBridge] WidgetWebView.sendPluginResult(), line:410 End.
02-19 12:19:55.363  2613  2613 V GDWallet: [Thread: main] WidgetWebView.onMessage(), line:311 begin, id: spinner, data: stop
02-19 12:19:55.364  2613  2613 V GDWallet: [Thread: main] WidgetWebView.onMessage(), line:359 End.
02-19 12:19:55.367  2613  2769 V GDWallet: [Thread: com.gieseckedevrient.wallet-WidgetThread-0] WidgetWebView.sendPluginResult(), line:400 Begin.
02-19 12:19:55.367  2613  2769 V GDWallet: [Thread: com.gieseckedevrient.wallet-WidgetThread-0] Security.validateResult(), line:481 Begin.
02-19 12:19:55.367  2613  2768 V GDWallet: [Thread: JavaBridge] WidgetWebView.sendPluginResult(), line:400 Begin.
02-19 12:19:55.367  2613  2769 V GDWallet: [Thread: com.gieseckedevrient.wallet-WidgetThread-0] Security.extractMessageFrom(), line:497 Begin.
02-19 12:19:55.367  2613  2768 V GDWallet: [Thread: JavaBridge] Security.validateResult(), line:481 Begin.
02-19 12:19:55.367  2613  2768 V GDWallet: [Thread: JavaBridge] Security.extractMessageFrom(), line:497 Begin.
02-19 12:19:55.367  2613  2769 V GDWallet: [Thread: com.gieseckedevrient.wallet-WidgetThread-0] Security.extractMessageFrom(), line:507 End. Message: "OK"
02-19 12:19:55.367  2613  2769 V GDWallet: [Thread: com.gieseckedevrient.wallet-WidgetThread-0] Security.validateResult(), line:487 End.
02-19 12:19:55.367  2613  2768 V GDWallet: [Thread: JavaBridge] Security.extractMessageFrom(), line:507 End. Message: "Class not found"
02-19 12:19:55.367  2613  2768 V GDWallet: [Thread: JavaBridge] Security.validateResult(), line:487 End.
02-19 12:19:55.367  2613  2769 V GDWallet: [Thread: com.gieseckedevrient.wallet-WidgetThread-0] WidgetWebView.sendPluginResult(), line:410 End.
02-19 12:19:55.367  2613  2768 V GDWallet: [Thread: JavaBridge] WidgetWebView.sendPluginResult(), line:410 End.
02-19 12:19:55.369  2613  2768 V GDWallet: [Thread: JavaBridge] WidgetWebView.sendPluginResult(), line:400 Begin.
02-19 12:19:55.369  2613  2768 V GDWallet: [Thread: JavaBridge] Security.validateResult(), line:481 Begin.
02-19 12:19:55.369  2613  2768 V GDWallet: [Thread: JavaBridge] Security.extractMessageFrom(), line:497 Begin.
02-19 12:19:55.369  2613  2768 V GDWallet: [Thread: JavaBridge] Security.extractMessageFrom(), line:507 End. Message: "Class not found"
02-19 12:19:55.369  2613  2768 V GDWallet: [Thread: JavaBridge] Security.validateResult(), line:487 End.
02-19 12:19:55.369  2613  2768 V GDWallet: [Thread: JavaBridge] WidgetWebView.sendPluginResult(), line:410 End.
02-19 12:19:55.377  2613  2613 D CordovaWebViewImpl: onPageFinished(file:///data/user/0/com.gieseckedevrient.convego.demo/files/widgets/com.gieseckedevrient.wallet/0.0.1/widget.html)
02-19 12:19:55.377  2613  2613 V GDWallet: [Thread: main] WidgetWebView.onMessage(), line:311 begin, id: onPageFinished, data: file:///data/user/0/com.gieseckedevrient.convego.demo/files/widgets/com.gieseckedevrient.wallet/0.0.1/widget.html
02-19 12:19:55.378  2613  2613 V GDWallet: [Thread: main] WidgetWebView.onMessage(), line:330 widget is now running. widget id: com.gieseckedevrient.wallet
02-19 12:19:55.378  2613  2613 V GDWallet: [Thread: main] WidgetWebView.onMessage(), line:335 performance *** whole WidgetWebView startup time: 694 ms for widget: com.gieseckedevrient.wallet
02-19 12:19:55.379  2613  2613 V GDWallet: [Thread: main] WidgetWebView.onMessage(), line:359 End.
02-19 12:19:55.401  2613  2768 V GDWallet: [Thread: JavaBridge] WidgetApi.initialize(), line:43 Begin.
02-19 12:19:55.401  2613  2768 V GDWallet: [Thread: JavaBridge] PluginBase.initialize(), line:20 Begin.
02-19 12:19:55.401  2613  2768 V GDWallet: [Thread: JavaBridge] PluginBase.initialize(), line:26 End.
02-19 12:19:55.401  2613  2768 V GDWallet: [Thread: JavaBridge] CloudPayInitHandler.<init>(), line:25 Begin.
02-19 12:19:55.401  2613  2768 V GDWallet: [Thread: JavaBridge] CloudPayInitHandler.<init>(), line:27 End.
02-19 12:19:55.401  2613  2768 V GDWallet: [Thread: JavaBridge] WidgetApi.initialize(), line:46 End.
02-19 12:19:55.402  2613  2768 V GDWallet: [Thread: JavaBridge] PluginBase.execute(), line:43 Begin. action: showMe
02-19 12:19:55.402  2613  2768 V GDWallet: [Thread: JavaBridge] WidgetApi.runOnUiThreadIfNeeded(), line:53 Begin.
02-19 12:19:55.402  2613  2768 V GDWallet: [Thread: JavaBridge] WidgetApi.runOnUiThreadIfNeeded(), line:74 End. wasRunOnUiThread: true
02-19 12:19:55.402  2613  2768 V GDWallet: [Thread: JavaBridge] PluginBase.execute(), line:62 End.
02-19 12:19:55.407  2613  2613 D SystemWebChromeClient: file:///data/user/0/com.gieseckedevrient.convego.demo/files/widgets/com.gieseckedevrient.wallet/0.0.1/js/index.96ac568a.js: Line 1 : deviceready
02-19 12:19:55.407  2613  2768 V GDWallet: [Thread: JavaBridge] WidgetWebView.sendPluginResult(), line:400 Begin.
02-19 12:19:55.408  2613  2768 V GDWallet: [Thread: JavaBridge] Security.validateResult(), line:481 Begin.
02-19 12:19:55.408  2613  2768 V GDWallet: [Thread: JavaBridge] Security.extractMessageFrom(), line:497 Begin.
02-19 12:19:55.408  2613  2613 I chromium: [INFO:CONSOLE(1)] "deviceready", source: file:///data/user/0/com.gieseckedevrient.convego.demo/files/widgets/com.gieseckedevrient.wallet/0.0.1/js/index.96ac568a.js (1)
02-19 12:19:55.408  2613  2768 V GDWallet: [Thread: JavaBridge] Security.extractMessageFrom(), line:507 End. Message: "Class not found"
