02-19 12:20:14.488  2613  2789 V GDWallet: [Thread: com.gieseckedevrient.wallet-WidgetThread-2] WidgetWebView.sendPluginResult(), line:400 Begin.
02-19 12:20:14.488  2613  2769 V GDWallet: [Thread: com.gieseckedevrient.wallet-WidgetThread-0] WidgetApi.getComplementaryCardData(), line:1093 End.
02-19 12:20:14.488  2613  2769 V GDWallet: [Thread: com.gieseckedevrient.wallet-WidgetThread-0] WidgetApi.doExecute(), line:338 getComplementaryCardData("F370ABABA44E4C7A9A2A3408BFEA010C_23475_31") => DONE
02-19 12:20:14.488  2613  2789 V GDWallet: [Thread: com.gieseckedevrient.wallet-WidgetThread-2] Security.validateResult(), line:481 Begin.
02-19 12:20:14.488  2613  2769 V GDWallet: [Thread: com.gieseckedevrient.wallet-WidgetThread-0] WidgetWebView.sendPluginResult(), line:400 Begin.
02-19 12:20:14.488  2613  2769 V GDWallet: [Thread: com.gieseckedevrient.wallet-WidgetThread-0] Security.validateResult(), line:481 Begin.
02-19 12:20:14.488  2613  2789 V GDWallet: [Thread: com.gieseckedevrient.wallet-WidgetThread-2] Security.extractMessageFrom(), line:497 Begin.
02-19 12:20:14.488  2613  2769 V GDWallet: [Thread: com.gieseckedevrient.wallet-WidgetThread-0] Security.extractMessageFrom(), line:497 Begin.
02-19 12:20:14.488  2613  2769 V GDWallet: [Thread: com.gieseckedevrient.wallet-WidgetThread-0] Security.extractMessageFrom(), line:507 End. Message: {"objectKey":"2","scheme":"Mastercard","serviceId":31,"cardholder":"VERONIKA FRANZISKA ALEXANDRA","image":"img\/payment-card-mc-cdcvm.png","fundingPan":"5186161550000124","expiry":"2007"}
02-19 12:20:14.489  2613  2769 V GDWallet: [Thread: com.gieseckedevrient.wallet-WidgetThread-0] Security.validateResult(), line:487 End.
02-19 12:20:14.489  2613  2789 V GDWallet: [Thread: com.gieseckedevrient.wallet-WidgetThread-2] Security.extractMessageFrom(), line:507 End. Message: {"objectKey":"3","scheme":"Visa","serviceId":32,"cardholder":"VERONIKA FRANZISKA ALEXANDRA","image":"img\/payment-card-visa-cdcvm.png","fundingPan":"4622943127008747","expiry":"2212"}
02-19 12:20:14.489  2613  2768 V GDWallet: [Thread: JavaBridge] PluginBase.execute(), line:43 Begin. action: getComplementaryCardData
02-19 12:20:14.489  2613  2769 V GDWallet: [Thread: com.gieseckedevrient.wallet-WidgetThread-0] WidgetWebView.sendPluginResult(), line:410 End.
02-19 12:20:14.489  2613  2789 V GDWallet: [Thread: com.gieseckedevrient.wallet-WidgetThread-2] Security.validateResult(), line:487 End.
02-19 12:20:14.489  2613  2768 V GDWallet: [Thread: JavaBridge] WidgetApi.runOnUiThreadIfNeeded(), line:53 Begin.
02-19 12:20:14.489  2613  2769 V GDWallet: [Thread: com.gieseckedevrient.wallet-WidgetThread-0] PluginBase.executeDirectly(), line:74 background thread. Action : getComplementaryCardData completed. Result: {"objectKey":"2","scheme":"Mastercard","serviceId":31,"cardholder":"VERONIKA FRANZISKA ALEXANDRA","image":"img\/payment-card-mc-cdcvm.png","fundingPan":"5186161550000124","expiry":"2007"}
02-19 12:20:14.489  2613  2769 V GDWallet: [Thread: com.gieseckedevrient.wallet-WidgetThread-0] PluginBase.executeDirectly(), line:80 background thread. Action: getComplementaryCardData. end. took: 4 ms
02-19 12:20:14.489  2613  2768 V GDWallet: [Thread: JavaBridge] WidgetApi.runOnUiThreadIfNeeded(), line:74 End. wasRunOnUiThread: false
02-19 12:20:14.489  2613  2789 V GDWallet: [Thread: com.gieseckedevrient.wallet-WidgetThread-2] WidgetWebView.sendPluginResult(), line:410 End.
02-19 12:20:14.489  2613  2789 V GDWallet: [Thread: com.gieseckedevrient.wallet-WidgetThread-2] PluginBase.executeDirectly(), line:74 background thread. Action : getComplementaryCardData completed. Result: {"objectKey":"3","scheme":"Visa","serviceId":32,"cardholder":"VERONIKA FRANZISKA ALEXANDRA","image":"img\/payment-card-visa-cdcvm.png","fundingPan":"4622943127008747","expiry":"2212"}
02-19 12:20:14.490  2613  2769 V GDWallet: [Thread: com.gieseckedevrient.wallet-WidgetThread-0] PluginBase.executeDirectly(), line:69 background thread. Action: getComplementaryCardData. begin.
02-19 12:20:14.490  2613  2768 V GDWallet: [Thread: JavaBridge] PluginBase.execute(), line:62 End.
02-19 12:20:14.490  2613  2769 V GDWallet: [Thread: com.gieseckedevrient.wallet-WidgetThread-0] WidgetApi.doExecute(), line:101 getComplementaryCardData("F370ABABA44E4C7A9A2A3408BFEA010C_23936_32")
02-19 12:20:14.490  2613  2789 V GDWallet: [Thread: com.gieseckedevrient.wallet-WidgetThread-2] PluginBase.executeDirectly(), line:80 background thread. Action: getComplementaryCardData. end. took: 7 ms
02-19 12:20:14.490  2613  2769 V GDWallet: [Thread: com.gieseckedevrient.wallet-WidgetThread-0] WidgetApi.getComplementaryCardData(), line:1086 Begin.
02-19 12:20:14.490  2613  2769 V GDWallet: [Thread: com.gieseckedevrient.wallet-WidgetThread-0] CloudPayController.getComplementaryCardData(), line:1953 Begin. cardId: F370ABABA44E4C7A9A2A3408BFEA010C_23936_32
02-19 12:20:14.490  2613  2769 V GDWallet: [Thread: com.gieseckedevrient.wallet-WidgetThread-0] Preferences.getJSONObject(), line:197 key: ComplementaryCardData_F370ABABA44E4C7A9A2A3408BFEA010C_23936_32 contains JSON String: {"objectKey":"3","scheme":"Visa","serviceId":32,"cardholder":"VERONIKA FRANZISKA ALEXANDRA","image":"img\/payment-card-visa-cdcvm.png","fundingPan":"4622943127008747","expiry":"2212"}
02-19 12:20:14.491  2613  2769 V GDWallet: [Thread: com.gieseckedevrient.wallet-WidgetThread-0] CloudPayController.getComplementaryCardData(), line:1956 End.
02-19 12:20:14.491  2613  2769 V GDWallet: [Thread: com.gieseckedevrient.wallet-WidgetThread-0] WidgetApi.getComplementaryCardData(), line:1093 End.
02-19 12:20:14.492  2613  2769 V GDWallet: [Thread: com.gieseckedevrient.wallet-WidgetThread-0] WidgetApi.doExecute(), line:338 getComplementaryCardData("F370ABABA44E4C7A9A2A3408BFEA010C_23936_32") => DONE
02-19 12:20:14.492  2613  2769 V GDWallet: [Thread: com.gieseckedevrient.wallet-WidgetThread-0] WidgetWebView.sendPluginResult(), line:400 Begin.
02-19 12:20:14.492  2613  2769 V GDWallet: [Thread: com.gieseckedevrient.wallet-WidgetThread-0] Security.validateResult(), line:481 Begin.
02-19 12:20:14.492  2613  2769 V GDWallet: [Thread: com.gieseckedevrient.wallet-WidgetThread-0] Security.extractMessageFrom(), line:497 Begin.
02-19 12:20:14.492  2613  2768 V GDWallet: [Thread: JavaBridge] PluginBase.execute(), line:43 Begin. action: getComplementaryCardData
02-19 12:20:14.492  2613  2769 V GDWallet: [Thread: com.gieseckedevrient.wallet-WidgetThread-0] Security.extractMessageFrom(), line:507 End. Message: {"objectKey":"3","scheme":"Visa","serviceId":32,"cardholder":"VERONIKA FRANZISKA ALEXANDRA","image":"img\/payment-card-visa-cdcvm.png","fundingPan":"4622943127008747","expiry":"2212"}
02-19 12:20:14.492  2613  2769 V GDWallet: [Thread: com.gieseckedevrient.wallet-WidgetThread-0] Security.validateResult(), line:487 End.
02-19 12:20:14.492  2613  2769 V GDWallet: [Thread: com.gieseckedevrient.wallet-WidgetThread-0] WidgetWebView.sendPluginResult(), line:410 End.
02-19 12:20:14.492  2613  2768 V GDWallet: [Thread: JavaBridge] WidgetApi.runOnUiThreadIfNeeded(), line:53 Begin.
02-19 12:20:14.492  2613  2769 V GDWallet: [Thread: com.gieseckedevrient.wallet-WidgetThread-0] PluginBase.executeDirectly(), line:74 background thread. Action : getComplementaryCardData completed. Result: {"objectKey":"3","scheme":"Visa","serviceId":32,"cardholder":"VERONIKA FRANZISKA ALEXANDRA","image":"img\/payment-card-visa-cdcvm.png","fundingPan":"4622943127008747","expiry":"2212"}
02-19 12:20:14.493  2613  2769 V GDWallet: [Thread: com.gieseckedevrient.wallet-WidgetThread-0] PluginBase.executeDirectly(), line:80 background thread. Action: getComplementaryCardData. end. took: 3 ms
02-19 12:20:14.493  2613  2768 V GDWallet: [Thread: JavaBridge] WidgetApi.runOnUiThreadIfNeeded(), line:74 End. wasRunOnUiThread: false
02-19 12:20:14.495  2613  2768 V GDWallet: [Thread: JavaBridge] PluginBase.execute(), line:62 End.
02-19 12:20:14.495  2613  2769 V GDWallet: [Thread: com.gieseckedevrient.wallet-WidgetThread-0] PluginBase.executeDirectly(), line:69 background thread. Action: getComplementaryCardData. begin.
02-19 12:20:14.495  2613  2769 V GDWallet: [Thread: com.gieseckedevrient.wallet-WidgetThread-0] WidgetApi.doExecute(), line:101 getComplementaryCardData("F370ABABA44E4C7A9A2A3408BFEA010C_23475_31")
02-19 12:20:14.495  2613  2769 V GDWallet: [Thread: com.gieseckedevrient.wallet-WidgetThread-0] WidgetApi.getComplementaryCardData(), line:1086 Begin.
02-19 12:20:14.496  2613  2769 V GDWallet: [Thread: com.gieseckedevrient.wallet-WidgetThread-0] CloudPayController.getComplementaryCardData(), line:1953 Begin. cardId: F370ABABA44E4C7A9A2A3408BFEA010C_23475_31
02-19 12:20:14.496  2613  2769 V GDWallet: [Thread: com.gieseckedevrient.wallet-WidgetThread-0] Preferences.getJSONObject(), line:197 key: ComplementaryCardData_F370ABABA44E4C7A9A2A3408BFEA010C_23475_31 contains JSON String: {"objectKey":"2","scheme":"Mastercard","serviceId":31,"cardholder":"VERONIKA FRANZISKA ALEXANDRA","image":"img\/payment-card-mc-cdcvm.png","fundingPan":"5186161550000124","expiry":"2007"}
02-19 12:20:14.496  2613  2769 V GDWallet: [Thread: com.gieseckedevrient.wallet-WidgetThread-0] CloudPayController.getComplementaryCardData(), line:1956 End.
02-19 12:20:14.497  2613  2769 V GDWallet: [Thread: com.gieseckedevrient.wallet-WidgetThread-0] WidgetApi.getComplementaryCardData(), line:1093 End.
02-19 12:20:14.498  2613  2769 V GDWallet: [Thread: com.gieseckedevrient.wallet-WidgetThread-0] WidgetApi.doExecute(), line:338 getComplementaryCardData("F370ABABA44E4C7A9A2A3408BFEA010C_23475_31") => DONE
02-19 12:20:14.498  2613  2769 V GDWallet: [Thread: com.gieseckedevrient.wallet-WidgetThread-0] WidgetWebView.sendPluginResult(), line:400 Begin.
02-19 12:20:14.498  2613  2769 V GDWallet: [Thread: com.gieseckedevrient.wallet-WidgetThread-0] Security.validateResult(), line:481 Begin.
02-19 12:20:14.498  2613  2769 V GDWallet: [Thread: com.gieseckedevrient.wallet-WidgetThread-0] Security.extractMessageFrom(), line:497 Begin.
02-19 12:20:14.498  2613  2768 V GDWallet: [Thread: JavaBridge] PluginBase.execute(), line:43 Begin. action: getDefaultPaymentCardId
02-19 12:20:14.499  2613  2769 V GDWallet: [Thread: com.gieseckedevrient.wallet-WidgetThread-0] Security.extractMessageFrom(), line:507 End. Message: {"objectKey":"2","scheme":"Mastercard","serviceId":31,"cardholder":"VERONIKA FRANZISKA ALEXANDRA","image":"img\/payment-card-mc-cdcvm.png","fundingPan":"5186161550000124","expiry":"2007"}
02-19 12:20:14.499  2613  2769 V GDWallet: [Thread: com.gieseckedevrient.wallet-WidgetThread-0] Security.validateResult(), line:487 End.
02-19 12:20:14.499  2613  2768 V GDWallet: [Thread: JavaBridge] WidgetApi.runOnUiThreadIfNeeded(), line:53 Begin.
02-19 12:20:14.499  2613  2769 V GDWallet: [Thread: com.gieseckedevrient.wallet-WidgetThread-0] WidgetWebView.sendPluginResult(), line:410 End.
02-19 12:20:14.499  2613  2768 V GDWallet: [Thread: JavaBridge] WidgetApi.runOnUiThreadIfNeeded(), line:74 End. wasRunOnUiThread: false
02-19 12:20:14.499  2613  2769 V GDWallet: [Thread: com.gieseckedevrient.wallet-WidgetThread-0] PluginBase.executeDirectly(), line:74 background thread. Action : getComplementaryCardData completed. Result: {"objectKey":"2","scheme":"Mastercard","serviceId":31,"cardholder":"VERONIKA FRANZISKA ALEXANDRA","image":"img\/payment-card-mc-cdcvm.png","fundingPan":"5186161550000124","expiry":"2007"}
02-19 12:20:14.499  2613  2769 V GDWallet: [Thread: com.gieseckedevrient.wallet-WidgetThread-0] PluginBase.executeDirectly(), line:80 background thread. Action: getComplementaryCardData. end. took: 4 ms
02-19 12:20:14.500  2613  2768 V GDWallet: [Thread: JavaBridge] PluginBase.execute(), line:62 End.
02-19 12:20:14.500  2613  2789 V GDWallet: [Thread: com.gieseckedevrient.wallet-WidgetThread-2] PluginBase.executeDirectly(), line:69 background thread. Action: getDefaultPaymentCardId. begin.
02-19 12:20:14.501  2613  2789 V GDWallet: [Thread: com.gieseckedevrient.wallet-WidgetThread-2] WidgetApi.doExecute(), line:101 getDefaultPaymentCardId()
02-19 12:20:14.501  2613  2789 V GDWallet: [Thread: com.gieseckedevrient.wallet-WidgetThread-2] WidgetApi.getDefaultPaymentCardId(), line:1034 Begin.
02-19 12:20:14.502  2613  2789 V GDWallet: [Thread: com.gieseckedevrient.wallet-WidgetThread-2] CloudPayController.getDefaultPaymentCard(), line:470 getDefaultPaymentCard()
02-19 12:20:14.502  2613  2789 V GDWallet: [Thread: com.gieseckedevrient.wallet-WidgetThread-2] CloudPayController.getInitializedStartedCpClient(), line:303 Begin
02-19 12:20:14.502  2613  2789 V GDWallet: [Thread: com.gieseckedevrient.wallet-WidgetThread-2] CloudPayController.getInitializedStartedCpClient(), line:340 End
02-19 12:20:14.504  2613  2789 V GDWallet: [Thread: com.gieseckedevrient.wallet-WidgetThread-2] WidgetApi.getDefaultPaymentCardId(), line:1041 End.
02-19 12:20:14.504  2613  2789 V GDWallet: [Thread: com.gieseckedevrient.wallet-WidgetThread-2] WidgetApi.doExecute(), line:338 getDefaultPaymentCardId() => DONE
02-19 12:20:14.505  2613  2789 V GDWallet: [Thread: com.gieseckedevrient.wallet-WidgetThread-2] WidgetWebView.sendPluginResult(), line:400 Begin.
02-19 12:20:14.505  2613  2789 V GDWallet: [Thread: com.gieseckedevrient.wallet-WidgetThread-2] Security.validateResult(), line:481 Begin.
02-19 12:20:14.505  2613  2789 V GDWallet: [Thread: com.gieseckedevrient.wallet-WidgetThread-2] Security.extractMessageFrom(), line:497 Begin.
02-19 12:20:14.506  2613  2789 V GDWallet: [Thread: com.gieseckedevrient.wallet-WidgetThread-2] Security.extractMessageFrom(), line:507 End. Message: "F370ABABA44E4C7A9A2A3408BFEA010C_23936_32"
02-19 12:20:14.506  2613  2789 V GDWallet: [Thread: com.gieseckedevrient.wallet-WidgetThread-2] Security.validateResult(), line:487 End.
02-19 12:20:14.507  2613  2789 V GDWallet: [Thread: com.gieseckedevrient.wallet-WidgetThread-2] WidgetWebView.sendPluginResult(), line:410 End.
02-19 12:20:14.508  2613  2789 V GDWallet: [Thread: com.gieseckedevrient.wallet-WidgetThread-2] PluginBase.executeDirectly(), line:74 background thread. Action : getDefaultPaymentCardId completed. Result: "F370ABABA44E4C7A9A2A3408BFEA010C_23936_32"
02-19 12:20:14.508  2613  2789 V GDWallet: [Thread: com.gieseckedevrient.wallet-WidgetThread-2] PluginBase.executeDirectly(), line:80 background thread. Action: getDefaultPaymentCardId. end. took: 8 ms
02-19 12:20:14.540  2613  2613 V GDWallet: [Thread: main] WidgetWebViewEngine.evaluateJavascript(), line:45 Begin. JavaScript: cordova.callbackFromNative('widgetapi1783945195',true,1,["F370ABABA44E4C7A9A2A3408BFEA010C_23936_32"],false);
02-19 12:20:14.540  2613  2613 V GDWallet: [Thread: main] WidgetWebViewEngine.evaluateJavascript(), line:52 End.
02-19 12:20:14.989  2613  2708 V GDWallet: [Thread: TaskSchedulerFo] WidgetWebViewClient.shouldInterceptRequest(), line:43 Begin.
02-19 12:20:14.990  2613  2708 V GDWallet: [Thread: TaskSchedulerFo] Widget.getLaunchUrl(), line:193 Begin.
02-19 12:20:14.991  2613  2708 V GDWallet: [Thread: TaskSchedulerFo] Widget.getLaunchUrl(), line:206 End. Launch URL: file:///data/user/0/com.gieseckedevrient.convego.demo/files/widgets/com.gieseckedevrient.wallet/0.0.1/widget.html
02-19 12:20:14.993  2613  2708 V GDWallet: [Thread: TaskSchedulerFo] WidgetWebViewClient.shouldInterceptRequest(), line:66 End.
02-19 12:20:18.096  2613  2708 V GDWallet: [Thread: TaskSchedulerFo] WidgetWebViewClient.shouldInterceptRequest(), line:43 Begin.
02-19 12:20:18.096  2613  2708 V GDWallet: [Thread: TaskSchedulerFo] Widget.getLaunchUrl(), line:193 Begin.
02-19 12:20:18.097  2613  2708 V GDWallet: [Thread: TaskSchedulerFo] Widget.getLaunchUrl(), line:206 End. Launch URL: file:///data/user/0/com.gieseckedevrient.convego.demo/files/widgets/com.gieseckedevrient.wallet/0.0.1/widget.html
02-19 12:20:18.099  2613  2708 V GDWallet: [Thread: TaskSchedulerFo] WidgetWebViewClient.shouldInterceptRequest(), line:66 End.
02-19 12:20:34.140  2613  2768 V GDWallet: [Thread: JavaBridge] WidgetPreferences.execute(), line:34 getString(true, "cardEnrolling")
02-19 12:20:34.140  2613  2789 V GDWallet: [Thread: com.gieseckedevrient.wallet-WidgetThread-2] Preferences.getString(), line:172 key: SharedWidgetPreference_cardEnrolling returns: null
02-19 12:20:34.141  2613  2789 V GDWallet: [Thread: com.gieseckedevrient.wallet-WidgetThread-2] WidgetPreferences$1.run(), line:95 getString(true, "cardEnrolling") => DONE
02-19 12:20:34.141  2613  2789 V GDWallet: [Thread: com.gieseckedevrient.wallet-WidgetThread-2] WidgetWebView.sendPluginResult(), line:400 Begin.
02-19 12:20:34.141  2613  2789 V GDWallet: [Thread: com.gieseckedevrient.wallet-WidgetThread-2] Security.validateResult(), line:481 Begin.
02-19 12:20:34.141  2613  2789 V GDWallet: [Thread: com.gieseckedevrient.wallet-WidgetThread-2] Security.extractMessageFrom(), line:497 Begin.
02-19 12:20:34.141  2613  2789 V GDWallet: [Thread: com.gieseckedevrient.wallet-WidgetThread-2] Security.extractMessageFrom(), line:507 End. Message: "null"
02-19 12:20:34.142  2613  2789 V GDWallet: [Thread: com.gieseckedevrient.wallet-WidgetThread-2] Security.validateResult(), line:487 End.
02-19 12:20:34.142  2613  2789 V GDWallet: [Thread: com.gieseckedevrient.wallet-WidgetThread-2] WidgetWebView.sendPluginResult(), line:410 End.
02-19 12:20:34.142  2613  2613 V GDWallet: [Thread: main] WidgetWebViewEngine.evaluateJavascript(), line:45 Begin. JavaScript: cordova.callbackFromNative('WidgetPreferences1783945196',true,1,["null"],false);
02-19 12:20:34.143  2613  2613 V GDWallet: [Thread: main] WidgetWebViewEngine.evaluateJavascript(), line:52 End.
02-19 12:20:34.144  2613  2768 V GDWallet: [Thread: JavaBridge] WidgetPreferences.execute(), line:34 getString(true, "cardEnrolling")
02-19 12:20:34.145  2613  2789 V GDWallet: [Thread: com.gieseckedevrient.wallet-WidgetThread-2] Preferences.getString(), line:172 key: SharedWidgetPreference_cardEnrolling returns: null
02-19 12:20:34.145  2613  2789 V GDWallet: [Thread: com.gieseckedevrient.wallet-WidgetThread-2] WidgetPreferences$1.run(), line:95 getString(true, "cardEnrolling") => DONE
02-19 12:20:34.145  2613  2789 V GDWallet: [Thread: com.gieseckedevrient.wallet-WidgetThread-2] WidgetWebView.sendPluginResult(), line:400 Begin.
02-19 12:20:34.146  2613  2789 V GDWallet: [Thread: com.gieseckedevrient.wallet-WidgetThread-2] Security.validateResult(), line:481 Begin.
02-19 12:20:34.146  2613  2789 V GDWallet: [Thread: com.gieseckedevrient.wallet-WidgetThread-2] Security.extractMessageFrom(), line:497 Begin.
02-19 12:20:34.146  2613  2789 V GDWallet: [Thread: com.gieseckedevrient.wallet-WidgetThread-2] Security.extractMessageFrom(), line:507 End. Message: "null"
02-19 12:20:34.146  2613  2789 V GDWallet: [Thread: com.gieseckedevrient.wallet-WidgetThread-2] Security.validateResult(), line:487 End.
02-19 12:20:34.146  2613  2789 V GDWallet: [Thread: com.gieseckedevrient.wallet-WidgetThread-2] WidgetWebView.sendPluginResult(), line:410 End.
02-19 12:20:34.147  2613  2613 V GDWallet: [Thread: main] WidgetWebViewEngine.evaluateJavascript(), line:45 Begin. JavaScript: cordova.callbackFromNative('WidgetPreferences1783945197',true,1,["null"],false);
02-19 12:20:34.147  2613  2613 V GDWallet: [Thread: main] WidgetWebViewEngine.evaluateJavascript(), line:52 End.
02-19 12:20:34.149  2613  2613 D SystemWebChromeClient: file:///data/user/0/com.gieseckedevrient.convego.demo/files/widgets/com.gieseckedevrient.wallet/0.0.1/js/index.96ac568a.js: Line 1 : page-wallet
02-19 12:20:34.149  2613  2613 I chromium: [INFO:CONSOLE(1)] "page-wallet", source: file:///data/user/0/com.gieseckedevrient.convego.demo/files/widgets/com.gieseckedevrient.wallet/0.0.1/js/index.96ac568a.js (1)
02-19 12:20:34.159  2613  2613 D SystemWebChromeClient: file:///data/user/0/com.gieseckedevrient.convego.demo/files/widgets/com.gieseckedevrient.wallet/0.0.1/js/index.96ac568a.js: Line 1 : page-services
02-19 12:20:34.159  2613  2613 I chromium: [INFO:CONSOLE(1)] "page-services", source: file:///data/user/0/com.gieseckedevrient.convego.demo/files/widgets/com.gieseckedevrient.wallet/0.0.1/js/index.96ac568a.js (1)
02-19 12:20:34.225  2613  2613 D SystemWebChromeClient: file:///data/user/0/com.gieseckedevrient.convego.demo/files/widgets/com.gieseckedevrient.wallet/0.0.1/js/index.96ac568a.js: Line 1 : page-wallet
02-19 12:20:34.226  2613  2613 I chromium: [INFO:CONSOLE(1)] "page-wallet", source: file:///data/user/0/com.gieseckedevrient.convego.demo/files/widgets/com.gieseckedevrient.wallet/0.0.1/js/index.96ac568a.js (1)
02-19 12:20:34.266  2613  2768 V GDWallet: [Thread: JavaBridge] PluginBase.execute(), line:43 Begin. action: getDefaultPaymentCardId
02-19 12:20:34.266  2613  2768 V GDWallet: [Thread: JavaBridge] WidgetApi.runOnUiThreadIfNeeded(), line:53 Begin.
02-19 12:20:34.266  2613  2768 V GDWallet: [Thread: JavaBridge] WidgetApi.runOnUiThreadIfNeeded(), line:74 End. wasRunOnUiThread: false
02-19 12:20:34.266  2613  2768 V GDWallet: [Thread: JavaBridge] PluginBase.execute(), line:62 End.
02-19 12:20:34.266  2613  2789 V GDWallet: [Thread: com.gieseckedevrient.wallet-WidgetThread-2] PluginBase.executeDirectly(), line:69 background thread. Action: getDefaultPaymentCardId. begin.
02-19 12:20:34.267  2613  2789 V GDWallet: [Thread: com.gieseckedevrient.wallet-WidgetThread-2] WidgetApi.doExecute(), line:101 getDefaultPaymentCardId()
02-19 12:20:34.267  2613  2789 V GDWallet: [Thread: com.gieseckedevrient.wallet-WidgetThread-2] WidgetApi.getDefaultPaymentCardId(), line:1034 Begin.
02-19 12:20:34.267  2613  2789 V GDWallet: [Thread: com.gieseckedevrient.wallet-WidgetThread-2] CloudPayController.getDefaultPaymentCard(), line:470 getDefaultPaymentCard()
02-19 12:20:34.267  2613  2789 V GDWallet: [Thread: com.gieseckedevrient.wallet-WidgetThread-2] CloudPayController.getInitializedStartedCpClient(), line:303 Begin
02-19 12:20:34.267  2613  2789 V GDWallet: [Thread: com.gieseckedevrient.wallet-WidgetThread-2] CloudPayController.getInitializedStartedCpClient(), line:340 End
02-19 12:20:34.270  2613  2789 V GDWallet: [Thread: com.gieseckedevrient.wallet-WidgetThread-2] WidgetApi.getDefaultPaymentCardId(), line:1041 End.
02-19 12:20:34.270  2613  2789 V GDWallet: [Thread: com.gieseckedevrient.wallet-WidgetThread-2] WidgetApi.doExecute(), line:338 getDefaultPaymentCardId() => DONE
02-19 12:20:34.270  2613  2789 V GDWallet: [Thread: com.gieseckedevrient.wallet-WidgetThread-2] WidgetWebView.sendPluginResult(), line:400 Begin.
02-19 12:20:34.270  2613  2789 V GDWallet: [Thread: com.gieseckedevrient.wallet-WidgetThread-2] Security.validateResult(), line:481 Begin.
02-19 12:20:34.270  2613  2789 V GDWallet: [Thread: com.gieseckedevrient.wallet-WidgetThread-2] Security.extractMessageFrom(), line:497 Begin.
02-19 12:20:34.271  2613  2789 V GDWallet: [Thread: com.gieseckedevrient.wallet-WidgetThread-2] Security.extractMessageFrom(), line:507 End. Message: "F370ABABA44E4C7A9A2A3408BFEA010C_23936_32"
02-19 12:20:34.271  2613  2789 V GDWallet: [Thread: com.gieseckedevrient.wallet-WidgetThread-2] Security.validateResult(), line:487 End.
02-19 12:20:34.271  2613  2789 V GDWallet: [Thread: com.gieseckedevrient.wallet-WidgetThread-2] WidgetWebView.sendPluginResult(), line:410 End.
02-19 12:20:34.271  2613  2789 V GDWallet: [Thread: com.gieseckedevrient.wallet-WidgetThread-2] PluginBase.executeDirectly(), line:74 background thread. Action : getDefaultPaymentCardId completed. Result: "F370ABABA44E4C7A9A2A3408BFEA010C_23936_32"
02-19 12:20:34.271  2613  2789 V GDWallet: [Thread: com.gieseckedevrient.wallet-WidgetThread-2] PluginBase.executeDirectly(), line:80 background thread. Action: getDefaultPaymentCardId. end. took: 4 ms
02-19 12:20:34.271  2613  2613 D SystemWebChromeClient: file:///data/user/0/com.gieseckedevrient.convego.demo/files/widgets/com.gieseckedevrient.wallet/0.0.1/js/index.96ac568a.js: Line 1 : Bank card is undefined or IDENTITY is unknown
02-19 12:20:34.272  2613  2613 I chromium: [INFO:CONSOLE(1)] "Bank card is undefined or IDENTITY is unknown", source: file:///data/user/0/com.gieseckedevrient.convego.demo/files/widgets/com.gieseckedevrient.wallet/0.0.1/js/index.96ac568a.js (1)
02-19 12:20:34.273  2613  2613 V GDWallet: [Thread: main] WidgetWebViewEngine.evaluateJavascript(), line:45 Begin. JavaScript: cordova.callbackFromNative('widgetapi1783945198',true,1,["F370ABABA44E4C7A9A2A3408BFEA010C_23936_32"],false);
02-19 12:20:34.274  2613  2613 V GDWallet: [Thread: main] WidgetWebViewEngine.evaluateJavascript(), line:52 End.
02-19 12:20:34.325  2613  2768 V GDWallet: [Thread: JavaBridge] PluginBase.execute(), line:43 Begin. action: getPaymentCards
02-19 12:20:34.325  2613  2768 V GDWallet: [Thread: JavaBridge] WidgetApi.runOnUiThreadIfNeeded(), line:53 Begin.
02-19 12:20:34.325  2613  2768 V GDWallet: [Thread: JavaBridge] WidgetApi.runOnUiThreadIfNeeded(), line:74 End. wasRunOnUiThread: false
02-19 12:20:34.326  2613  2768 V GDWallet: [Thread: JavaBridge] PluginBase.execute(), line:62 End.
02-19 12:20:34.326  2613  2789 V GDWallet: [Thread: com.gieseckedevrient.wallet-WidgetThread-2] PluginBase.executeDirectly(), line:69 background thread. Action: getPaymentCards. begin.
02-19 12:20:34.326  2613  2789 V GDWallet: [Thread: com.gieseckedevrient.wallet-WidgetThread-2] WidgetApi.doExecute(), line:101 getPaymentCards()
02-19 12:20:34.326  2613  2789 V GDWallet: [Thread: com.gieseckedevrient.wallet-WidgetThread-2] WidgetApi.getPaymentCards(), line:945 Begin.
02-19 12:20:34.326  2613  2789 V GDWallet: [Thread: com.gieseckedevrient.wallet-WidgetThread-2] CloudPayController.getPaymentCards(), line:346 Begin.
02-19 12:20:34.326  2613  2789 V GDWallet: [Thread: com.gieseckedevrient.wallet-WidgetThread-2] CloudPayController.getInitializedStartedCpClient(), line:303 Begin
02-19 12:20:34.327  2613  2789 V GDWallet: [Thread: com.gieseckedevrient.wallet-WidgetThread-2] CloudPayController.getInitializedStartedCpClient(), line:340 End
02-19 12:20:34.327  2613  2789 V GDWallet: [Thread: com.gieseckedevrient.wallet-WidgetThread-2] CloudPayController.getPaymentCards(), line:353 End.
02-19 12:20:34.339  2613  2789 V GDWallet: [Thread: com.gieseckedevrient.wallet-WidgetThread-2] CloudPayController.getCardImageFileUri(), line:494 Begin.
02-19 12:20:34.340  2613  2789 V GDWallet: [Thread: com.gieseckedevrient.wallet-WidgetThread-2] CloudPayController.getCardImageFileUri(), line:502 End. cardImagePath: /data/user/0/com.gieseckedevrient.convego.demo/files/card_images/F370ABABA44E4C7A9A2A3408BFEA010C_23936_32
02-19 12:20:34.383  2613  2789 V GDWallet: [Thread: com.gieseckedevrient.wallet-WidgetThread-2] CloudPayController.getCardImageFileUri(), line:494 Begin.
02-19 12:20:34.383  2613  2789 V GDWallet: [Thread: com.gieseckedevrient.wallet-WidgetThread-2] CloudPayController.getCardImageFileUri(), line:502 End. cardImagePath: /data/user/0/com.gieseckedevrient.convego.demo/files/card_images/F370ABABA44E4C7A9A2A3408BFEA010C_23475_31
02-19 12:20:34.385  2613  2789 V GDWallet: [Thread: com.gieseckedevrient.wallet-WidgetThread-2] WidgetApi.getPaymentCards(), line:968 End.
02-19 12:20:34.385  2613  2789 V GDWallet: [Thread: com.gieseckedevrient.wallet-WidgetThread-2] WidgetApi.doExecute(), line:338 getPaymentCards() => DONE
02-19 12:20:34.385  2613  2789 V GDWallet: [Thread: com.gieseckedevrient.wallet-WidgetThread-2] WidgetWebView.sendPluginResult(), line:400 Begin.
02-19 12:20:34.385  2613  2789 V GDWallet: [Thread: com.gieseckedevrient.wallet-WidgetThread-2] Security.validateResult(), line:481 Begin.
02-19 12:20:34.386  2613  2789 V GDWallet: [Thread: com.gieseckedevrient.wallet-WidgetThread-2] Security.extractMessageFrom(), line:497 Begin.
02-19 12:20:34.386  2613  2789 V GDWallet: [Thread: com.gieseckedevrient.wallet-WidgetThread-2] Security.extractMessageFrom(), line:507 End. Message: [{"cardId":"F370ABABA44E4C7A9A2A3408BFEA010C_23936_32","remainingPaymentsCount":-1,"scheme":"VISA","tokenizedPan":"4895370013554222","expiry":1767218399000,"isDefaultCard":true,"enabled":true,"canBeEnabled":true,"cardImageFileUri":"\/data\/user\/0\/com.gieseckedevrient.convego.demo\/files\/card_images\/F370ABABA44E4C7A9A2A3408BFEA010C_23936_32"},{"cardId":"F370ABABA44E4C7A9A2A3408BFEA010C_23475_31","remainingPaymentsCount":10,"scheme":"MASTERCARD","tokenizedPan":"5186161560219458","expiry":1648760399000,"isDefaultCard":false,"enabled":true,"canBeEnabled":true,"cardImageFileUri":"\/data\/user\/0\/com.gieseckedevrient.convego.demo\/files\/card_images\/F370ABABA44E4C7A9A2A3408BFEA010C_23475_31"}]
02-19 12:20:34.386  2613  2789 V GDWallet: [Thread: com.gieseckedevrient.wallet-WidgetThread-2] Security.validateResult(), line:487 End.
02-19 12:20:34.386  2613  2789 V GDWallet: [Thread: com.gieseckedevrient.wallet-WidgetThread-2] WidgetWebView.sendPluginResult(), line:410 End.
02-19 12:20:34.386  2613  2789 V GDWallet: [Thread: com.gieseckedevrient.wallet-WidgetThread-2] PluginBase.executeDirectly(), line:74 background thread. Action : getPaymentCards completed. Result: [{"cardId":"F370ABABA44E4C7A9A2A3408BFEA010C_23936_32","remainingPaymentsCount":-1,"scheme":"VISA","tokenizedPan":"4895370013554222","expiry":1767218399000,"isDefaultCard":true,"enabled":true,"canBeEnabled":true,"cardImageFileUri":"\/data\/user\/0\/com.gieseckedevrient.convego.demo\/files\/card_images\/F370ABABA44E4C7A9A2A3408BFEA010C_23936_32"},{"cardId":"F370ABABA44E4C7A9A2A3408BFEA010C_23475_31","remainingPaymentsCount":10,"scheme":"MASTERCARD","tokenizedPan":"5186161560219458","expiry":1648760399000,"isDefaultCard":false,"enabled":true,"canBeEnabled":true,"cardImageFileUri":"\/data\/user\/0\/com.gieseckedevrient.convego.demo\/files\/card_images\/F370ABABA44E4C7A9A2A3408BFEA010C_23475_31"}]
02-19 12:20:34.387  2613  2789 V GDWallet: [Thread: com.gieseckedevrient.wallet-WidgetThread-2] PluginBase.executeDirectly(), line:80 background thread. Action: getPaymentCards. end. took: 61 ms
02-19 12:20:34.387  2613  2613 V GDWallet: [Thread: main] WidgetWebViewEngine.evaluateJavascript(), line:45 Begin. JavaScript: cordova.callbackFromNative('widgetapi1783945199',true,1,[[{"cardId":"F370ABABA44E4C7A9A2A3408BFEA010C_23936_32","remainingPaymentsCount":-1,"scheme":"VISA","tokenizedPan":"4895370013554222","expiry":1767218399000,"isDefaultCard":true,"enabled":true,"canBeEnabled":true,"cardImageFileUri":"\/data\/user\/0\/com.gieseckedevrient.convego.demo\/files\/card_images\/F370ABABA44E4C7A9A2A3408BFEA010C_23936_32"},{"cardId":"F370ABABA44E4C7A9A2A3408BFEA010C_23475_31","remainingPaymentsCount":10,"scheme":"MASTERCARD","tokenizedPan":"5186161560219458","expiry":1648760399000,"isDefaultCard":false,"enabled":true,"canBeEnabled":true,"cardImageFileUri":"\/data\/user\/0\/com.gieseckedevrient.convego.demo\/files\/card_images\/F370ABABA44E4C7A9A2A3408BFEA010C_23475_31"}]],false);
02-19 12:20:34.389  2613  2613 V GDWallet: [Thread: main] WidgetWebViewEngine.evaluateJavascript(), line:52 End.
02-19 12:20:34.399  2613  2768 V GDWallet: [Thread: JavaBridge] PluginBase.execute(), line:43 Begin. action: getComplementaryCardData
02-19 12:20:34.399  2613  2768 V GDWallet: [Thread: JavaBridge] WidgetApi.runOnUiThreadIfNeeded(), line:53 Begin.
02-19 12:20:34.399  2613  2768 V GDWallet: [Thread: JavaBridge] WidgetApi.runOnUiThreadIfNeeded(), line:74 End. wasRunOnUiThread: false
02-19 12:20:34.399  2613  2768 V GDWallet: [Thread: JavaBridge] PluginBase.execute(), line:62 End.
02-19 12:20:34.400  2613  2789 V GDWallet: [Thread: com.gieseckedevrient.wallet-WidgetThread-2] PluginBase.executeDirectly(), line:69 background thread. Action: getComplementaryCardData. begin.
02-19 12:20:34.400  2613  2789 V GDWallet: [Thread: com.gieseckedevrient.wallet-WidgetThread-2] WidgetApi.doExecute(), line:101 getComplementaryCardData("F370ABABA44E4C7A9A2A3408BFEA010C_23936_32")
02-19 12:20:34.400  2613  2789 V GDWallet: [Thread: com.gieseckedevrient.wallet-WidgetThread-2] WidgetApi.getComplementaryCardData(), line:1086 Begin.
02-19 12:20:34.400  2613  2789 V GDWallet: [Thread: com.gieseckedevrient.wallet-WidgetThread-2] CloudPayController.getComplementaryCardData(), line:1953 Begin. cardId: F370ABABA44E4C7A9A2A3408BFEA010C_23936_32
02-19 12:20:34.401  2613  2789 V GDWallet: [Thread: com.gieseckedevrient.wallet-WidgetThread-2] Preferences.getJSONObject(), line:197 key: ComplementaryCardData_F370ABABA44E4C7A9A2A3408BFEA010C_23936_32 contains JSON String: {"objectKey":"3","scheme":"Visa","serviceId":32,"cardholder":"VERONIKA FRANZISKA ALEXANDRA","image":"img\/payment-card-visa-cdcvm.png","fundingPan":"4622943127008747","expiry":"2212"}
02-19 12:20:34.401  2613  2789 V GDWallet: [Thread: com.gieseckedevrient.wallet-WidgetThread-2] CloudPayController.getComplementaryCardData(), line:1956 End.
02-19 12:20:34.401  2613  2768 V GDWallet: [Thread: JavaBridge] PluginBase.execute(), line:43 Begin. action: getComplementaryCardData
02-19 12:20:34.401  2613  2768 V GDWallet: [Thread: JavaBridge] WidgetApi.runOnUiThreadIfNeeded(), line:53 Begin.
02-19 12:20:34.401  2613  2768 V GDWallet: [Thread: JavaBridge] WidgetApi.runOnUiThreadIfNeeded(), line:74 End. wasRunOnUiThread: false
02-19 12:20:34.402  2613  2768 V GDWallet: [Thread: JavaBridge] PluginBase.execute(), line:62 End.
02-19 12:20:34.402  2613  2789 V GDWallet: [Thread: com.gieseckedevrient.wallet-WidgetThread-2] WidgetApi.getComplementaryCardData(), line:1093 End.
02-19 12:20:34.402  2613  2769 V GDWallet: [Thread: com.gieseckedevrient.wallet-WidgetThread-0] PluginBase.executeDirectly(), line:69 background thread. Action: getComplementaryCardData. begin.
02-19 12:20:34.402  2613  2789 V GDWallet: [Thread: com.gieseckedevrient.wallet-WidgetThread-2] WidgetApi.doExecute(), line:338 getComplementaryCardData("F370ABABA44E4C7A9A2A3408BFEA010C_23936_32") => DONE
02-19 12:20:34.402  2613  2769 V GDWallet: [Thread: com.gieseckedevrient.wallet-WidgetThread-0] WidgetApi.doExecute(), line:101 getComplementaryCardData("F370ABABA44E4C7A9A2A3408BFEA010C_23475_31")
02-19 12:20:34.402  2613  2789 V GDWallet: [Thread: com.gieseckedevrient.wallet-WidgetThread-2] WidgetWebView.sendPluginResult(), line:400 Begin.
02-19 12:20:34.402  2613  2769 V GDWallet: [Thread: com.gieseckedevrient.wallet-WidgetThread-0] WidgetApi.getComplementaryCardData(), line:1086 Begin.
02-19 12:20:34.402  2613  2789 V GDWallet: [Thread: com.gieseckedevrient.wallet-WidgetThread-2] Security.validateResult(), line:481 Begin.
02-19 12:20:34.402  2613  2769 V GDWallet: [Thread: com.gieseckedevrient.wallet-WidgetThread-0] CloudPayController.getComplementaryCardData(), line:1953 Begin. cardId: F370ABABA44E4C7A9A2A3408BFEA010C_23475_31
02-19 12:20:34.402  2613  2789 V GDWallet: [Thread: com.gieseckedevrient.wallet-WidgetThread-2] Security.extractMessageFrom(), line:497 Begin.
02-19 12:20:34.403  2613  2789 V GDWallet: [Thread: com.gieseckedevrient.wallet-WidgetThread-2] Security.extractMessageFrom(), line:507 End. Message: {"objectKey":"3","scheme":"Visa","serviceId":32,"cardholder":"VERONIKA FRANZISKA ALEXANDRA","image":"img\/payment-card-visa-cdcvm.png","fundingPan":"4622943127008747","expiry":"2212"}
02-19 12:20:34.403  2613  2769 V GDWallet: [Thread: com.gieseckedevrient.wallet-WidgetThread-0] Preferences.getJSONObject(), line:197 key: ComplementaryCardData_F370ABABA44E4C7A9A2A3408BFEA010C_23475_31 contains JSON String: {"objectKey":"2","scheme":"Mastercard","serviceId":31,"cardholder":"VERONIKA FRANZISKA ALEXANDRA","image":"img\/payment-card-mc-cdcvm.png","fundingPan":"5186161550000124","expiry":"2007"}
02-19 12:20:34.403  2613  2789 V GDWallet: [Thread: com.gieseckedevrient.wallet-WidgetThread-2] Security.validateResult(), line:487 End.
02-19 12:20:34.403  2613  2789 V GDWallet: [Thread: com.gieseckedevrient.wallet-WidgetThread-2] WidgetWebView.sendPluginResult(), line:410 End.
02-19 12:20:34.403  2613  2789 V GDWallet: [Thread: com.gieseckedevrient.wallet-WidgetThread-2] PluginBase.executeDirectly(), line:74 background thread. Action : getComplementaryCardData completed. Result: {"objectKey":"3","scheme":"Visa","serviceId":32,"cardholder":"VERONIKA FRANZISKA ALEXANDRA","image":"img\/payment-card-visa-cdcvm.png","fundingPan":"4622943127008747","expiry":"2212"}
02-19 12:20:34.403  2613  2769 V GDWallet: [Thread: com.gieseckedevrient.wallet-WidgetThread-0] CloudPayController.getComplementaryCardData(), line:1956 End.
02-19 12:20:34.403  2613  2789 V GDWallet: [Thread: com.gieseckedevrient.wallet-WidgetThread-2] PluginBase.executeDirectly(), line:80 background thread. Action: getComplementaryCardData. end. took: 3 ms
02-19 12:20:34.404  2613  2769 V GDWallet: [Thread: com.gieseckedevrient.wallet-WidgetThread-0] WidgetApi.getComplementaryCardData(), line:1093 End.
02-19 12:20:34.404  2613  2769 V GDWallet: [Thread: com.gieseckedevrient.wallet-WidgetThread-0] WidgetApi.doExecute(), line:338 getComplementaryCardData("F370ABABA44E4C7A9A2A3408BFEA010C_23475_31") => DONE
02-19 12:20:34.404  2613  2769 V GDWallet: [Thread: com.gieseckedevrient.wallet-WidgetThread-0] WidgetWebView.sendPluginResult(), line:400 Begin.
02-19 12:20:34.404  2613  2769 V GDWallet: [Thread: com.gieseckedevrient.wallet-WidgetThread-0] Security.validateResult(), line:481 Begin.
02-19 12:20:34.404  2613  2769 V GDWallet: [Thread: com.gieseckedevrient.wallet-WidgetThread-0] Security.extractMessageFrom(), line:497 Begin.
02-19 12:20:34.404  2613  2769 V GDWallet: [Thread: com.gieseckedevrient.wallet-WidgetThread-0] Security.extractMessageFrom(), line:507 End. Message: {"objectKey":"2","scheme":"Mastercard","serviceId":31,"cardholder":"VERONIKA FRANZISKA ALEXANDRA","image":"img\/payment-card-mc-cdcvm.png","fundingPan":"5186161550000124","expiry":"2007"}
02-19 12:20:34.404  2613  2769 V GDWallet: [Thread: com.gieseckedevrient.wallet-WidgetThread-0] Security.validateResult(), line:487 End.
02-19 12:20:34.405  2613  2769 V GDWallet: [Thread: com.gieseckedevrient.wallet-WidgetThread-0] WidgetWebView.sendPluginResult(), line:410 End.
02-19 12:20:34.405  2613  2769 V GDWallet: [Thread: com.gieseckedevrient.wallet-WidgetThread-0] PluginBase.executeDirectly(), line:74 background thread. Action : getComplementaryCardData completed. Result: {"objectKey":"2","scheme":"Mastercard","serviceId":31,"cardholder":"VERONIKA FRANZISKA ALEXANDRA","image":"img\/payment-card-mc-cdcvm.png","fundingPan":"5186161550000124","expiry":"2007"}
02-19 12:20:34.405  2613  2769 V GDWallet: [Thread: com.gieseckedevrient.wallet-WidgetThread-0] PluginBase.executeDirectly(), line:80 background thread. Action: getComplementaryCardData. end. took: 3 ms
02-19 12:20:34.420  2613  2613 V GDWallet: [Thread: main] WidgetWebViewEngine.evaluateJavascript(), line:45 Begin. JavaScript: try{cordova.callbackFromNative('widgetapi1783945200',true,1,[{"objectKey":"3","scheme":"Visa","serviceId":32,"cardholder":"VERONIKA FRANZISKA ALEXANDRA","image":"img\/payment-card-visa-cdcvm.png","fundingPan":"4622943127008747","expiry":"2212"}],false);}finally{cordova.callbackFromNative('widgetapi1783945201',true,1,[{"objectKey":"2","scheme":"Mastercard","serviceId":31,"cardholder":"VERONIKA FRANZISKA ALEXANDRA","image":"img\/payment-card-mc-cdcvm.png","fundingPan":"5186161550000124","expiry":"2007"}],false);}
02-19 12:20:34.420  2613  2613 V GDWallet: [Thread: main] WidgetWebViewEngine.evaluateJavascript(), line:52 End.
02-19 12:20:34.424  2613  2768 V GDWallet: [Thread: JavaBridge] PluginBase.execute(), line:43 Begin. action: getPaymentCards
02-19 12:20:34.424  2613  2768 V GDWallet: [Thread: JavaBridge] WidgetApi.runOnUiThreadIfNeeded(), line:53 Begin.
02-19 12:20:34.424  2613  2768 V GDWallet: [Thread: JavaBridge] WidgetApi.runOnUiThreadIfNeeded(), line:74 End. wasRunOnUiThread: false
02-19 12:20:34.424  2613  2768 V GDWallet: [Thread: JavaBridge] PluginBase.execute(), line:62 End.
02-19 12:20:34.424  2613  2769 V GDWallet: [Thread: com.gieseckedevrient.wallet-WidgetThread-0] PluginBase.executeDirectly(), line:69 background thread. Action: getPaymentCards. begin.
02-19 12:20:34.425  2613  2769 V GDWallet: [Thread: com.gieseckedevrient.wallet-WidgetThread-0] WidgetApi.doExecute(), line:101 getPaymentCards()
02-19 12:20:34.425  2613  2769 V GDWallet: [Thread: com.gieseckedevrient.wallet-WidgetThread-0] WidgetApi.getPaymentCards(), line:945 Begin.
02-19 12:20:34.425  2613  2769 V GDWallet: [Thread: com.gieseckedevrient.wallet-WidgetThread-0] CloudPayController.getPaymentCards(), line:346 Begin.
02-19 12:20:34.425  2613  2769 V GDWallet: [Thread: com.gieseckedevrient.wallet-WidgetThread-0] CloudPayController.getInitializedStartedCpClient(), line:303 Begin
02-19 12:20:34.425  2613  2769 V GDWallet: [Thread: com.gieseckedevrient.wallet-WidgetThread-0] CloudPayController.getInitializedStartedCpClient(), line:340 End
02-19 12:20:34.426  2613  2769 V GDWallet: [Thread: com.gieseckedevrient.wallet-WidgetThread-0] CloudPayController.getPaymentCards(), line:353 End.
02-19 12:20:34.426  2613  2768 V GDWallet: [Thread: JavaBridge] PluginBase.execute(), line:43 Begin. action: getPaymentCards
02-19 12:20:34.426  2613  2768 V GDWallet: [Thread: JavaBridge] WidgetApi.runOnUiThreadIfNeeded(), line:53 Begin.
02-19 12:20:34.426  2613  2768 V GDWallet: [Thread: JavaBridge] WidgetApi.runOnUiThreadIfNeeded(), line:74 End. wasRunOnUiThread: false
02-19 12:20:34.426  2613  2768 V GDWallet: [Thread: JavaBridge] PluginBase.execute(), line:62 End.
02-19 12:20:34.427  2613  2789 V GDWallet: [Thread: com.gieseckedevrient.wallet-WidgetThread-2] PluginBase.executeDirectly(), line:69 background thread. Action: getPaymentCards. begin.
02-19 12:20:34.427  2613  2789 V GDWallet: [Thread: com.gieseckedevrient.wallet-WidgetThread-2] WidgetApi.doExecute(), line:101 getPaymentCards()
02-19 12:20:34.427  2613  2789 V GDWallet: [Thread: com.gieseckedevrient.wallet-WidgetThread-2] WidgetApi.getPaymentCards(), line:945 Begin.
02-19 12:20:34.427  2613  2789 V GDWallet: [Thread: com.gieseckedevrient.wallet-WidgetThread-2] CloudPayController.getPaymentCards(), line:346 Begin.
02-19 12:20:34.427  2613  2789 V GDWallet: [Thread: com.gieseckedevrient.wallet-WidgetThread-2] CloudPayController.getInitializedStartedCpClient(), line:303 Begin
02-19 12:20:34.427  2613  2789 V GDWallet: [Thread: com.gieseckedevrient.wallet-WidgetThread-2] CloudPayController.getInitializedStartedCpClient(), line:340 End
02-19 12:20:34.428  2613  2789 V GDWallet: [Thread: com.gieseckedevrient.wallet-WidgetThread-2] CloudPayController.getPaymentCards(), line:353 End.
02-19 12:20:34.432  2613  2768 V GDWallet: [Thread: JavaBridge] PluginBase.execute(), line:43 Begin. action: getPaymentCards
02-19 12:20:34.432  2613  2768 V GDWallet: [Thread: JavaBridge] WidgetApi.runOnUiThreadIfNeeded(), line:53 Begin.
02-19 12:20:34.433  2613  2768 V GDWallet: [Thread: JavaBridge] WidgetApi.runOnUiThreadIfNeeded(), line:74 End. wasRunOnUiThread: false
02-19 12:20:34.433  2613  2768 V GDWallet: [Thread: JavaBridge] PluginBase.execute(), line:62 End.
02-19 12:20:34.434  2613  2771 V GDWallet: [Thread: com.gieseckedevrient.wallet-WidgetThread-1] PluginBase.executeDirectly(), line:69 background thread. Action: getPaymentCards. begin.
02-19 12:20:34.434  2613  2771 V GDWallet: [Thread: com.gieseckedevrient.wallet-WidgetThread-1] WidgetApi.doExecute(), line:101 getPaymentCards()
02-19 12:20:34.434  2613  2771 V GDWallet: [Thread: com.gieseckedevrient.wallet-WidgetThread-1] WidgetApi.getPaymentCards(), line:945 Begin.
02-19 12:20:34.434  2613  2771 V GDWallet: [Thread: com.gieseckedevrient.wallet-WidgetThread-1] CloudPayController.getPaymentCards(), line:346 Begin.
02-19 12:20:34.434  2613  2771 V GDWallet: [Thread: com.gieseckedevrient.wallet-WidgetThread-1] CloudPayController.getInitializedStartedCpClient(), line:303 Begin
02-19 12:20:34.434  2613  2771 V GDWallet: [Thread: com.gieseckedevrient.wallet-WidgetThread-1] CloudPayController.getInitializedStartedCpClient(), line:340 End
02-19 12:20:34.435  2613  2771 V GDWallet: [Thread: com.gieseckedevrient.wallet-WidgetThread-1] CloudPayController.getPaymentCards(), line:353 End.
02-19 12:20:34.437  2613  2768 V GDWallet: [Thread: JavaBridge] WidgetPreferences.execute(), line:34 getString(true, "cardEnrolling")
02-19 12:20:34.437  2613  2789 V GDWallet: [Thread: com.gieseckedevrient.wallet-WidgetThread-2] CloudPayController.getCardImageFileUri(), line:494 Begin.
02-19 12:20:34.437  2613  2789 V GDWallet: [Thread: com.gieseckedevrient.wallet-WidgetThread-2] CloudPayController.getCardImageFileUri(), line:502 End. cardImagePath: /data/user/0/com.gieseckedevrient.convego.demo/files/card_images/F370ABABA44E4C7A9A2A3408BFEA010C_23936_32
02-19 12:20:34.437  2613  2791 V GDWallet: [Thread: com.gieseckedevrient.wallet-WidgetThread-4] Preferences.getString(), line:172 key: SharedWidgetPreference_cardEnrolling returns: null
02-19 12:20:34.437  2613  2769 V GDWallet: [Thread: com.gieseckedevrient.wallet-WidgetThread-0] CloudPayController.getCardImageFileUri(), line:494 Begin.
02-19 12:20:34.438  2613  2791 V GDWallet: [Thread: com.gieseckedevrient.wallet-WidgetThread-4] WidgetPreferences$1.run(), line:95 getString(true, "cardEnrolling") => DONE
02-19 12:20:34.438  2613  2769 V GDWallet: [Thread: com.gieseckedevrient.wallet-WidgetThread-0] CloudPayController.getCardImageFileUri(), line:502 End. cardImagePath: /data/user/0/com.gieseckedevrient.convego.demo/files/card_images/F370ABABA44E4C7A9A2A3408BFEA010C_23936_32
02-19 12:20:34.438  2613  2791 V GDWallet: [Thread: com.gieseckedevrient.wallet-WidgetThread-4] WidgetWebView.sendPluginResult(), line:400 Begin.
02-19 12:20:34.438  2613  2791 V GDWallet: [Thread: com.gieseckedevrient.wallet-WidgetThread-4] Security.validateResult(), line:481 Begin.
02-19 12:20:34.438  2613  2791 V GDWallet: [Thread: com.gieseckedevrient.wallet-WidgetThread-4] Security.extractMessageFrom(), line:497 Begin.
02-19 12:20:34.438  2613  2791 V GDWallet: [Thread: com.gieseckedevrient.wallet-WidgetThread-4] Security.extractMessageFrom(), line:507 End. Message: "null"
02-19 12:20:34.438  2613  2791 V GDWallet: [Thread: com.gieseckedevrient.wallet-WidgetThread-4] Security.validateResult(), line:487 End.
02-19 12:20:34.438  2613  2791 V GDWallet: [Thread: com.gieseckedevrient.wallet-WidgetThread-4] WidgetWebView.sendPluginResult(), line:410 End.
02-19 12:20:34.440  2613  2768 V GDWallet: [Thread: JavaBridge] WidgetPreferences.execute(), line:34 getString(true, "cardEnrolling")
02-19 12:20:34.443  2613  2791 V GDWallet: [Thread: com.gieseckedevrient.wallet-WidgetThread-4] Preferences.getString(), line:172 key: SharedWidgetPreference_cardEnrolling returns: null
02-19 12:20:34.443  2613  2791 V GDWallet: [Thread: com.gieseckedevrient.wallet-WidgetThread-4] WidgetPreferences$1.run(), line:95 getString(true, "cardEnrolling") => DONE
02-19 12:20:34.444  2613  2791 V GDWallet: [Thread: com.gieseckedevrient.wallet-WidgetThread-4] WidgetWebView.sendPluginResult(), line:400 Begin.
02-19 12:20:34.444  2613  2791 V GDWallet: [Thread: com.gieseckedevrient.wallet-WidgetThread-4] Security.validateResult(), line:481 Begin.
02-19 12:20:34.445  2613  2791 V GDWallet: [Thread: com.gieseckedevrient.wallet-WidgetThread-4] Security.extractMessageFrom(), line:497 Begin.
02-19 12:20:34.445  2613  2771 V GDWallet: [Thread: com.gieseckedevrient.wallet-WidgetThread-1] CloudPayController.getCardImageFileUri(), line:494 Begin.
02-19 12:20:34.445  2613  2771 V GDWallet: [Thread: com.gieseckedevrient.wallet-WidgetThread-1] CloudPayController.getCardImageFileUri(), line:502 End. cardImagePath: /data/user/0/com.gieseckedevrient.convego.demo/files/card_images/F370ABABA44E4C7A9A2A3408BFEA010C_23936_32
02-19 12:20:34.446  2613  2791 V GDWallet: [Thread: com.gieseckedevrient.wallet-WidgetThread-4] Security.extractMessageFrom(), line:507 End. Message: "null"
02-19 12:20:34.447  2613  2791 V GDWallet: [Thread: com.gieseckedevrient.wallet-WidgetThread-4] Security.validateResult(), line:487 End.
02-19 12:20:34.449  2613  2791 V GDWallet: [Thread: com.gieseckedevrient.wallet-WidgetThread-4] WidgetWebView.sendPluginResult(), line:410 End.
02-19 12:20:34.457  2613  2613 V GDWallet: [Thread: main] WidgetWebViewEngine.evaluateJavascript(), line:45 Begin. JavaScript: cordova.callbackFromNative('WidgetPreferences1783945206',true,1,["null"],false);
02-19 12:20:34.458  2613  2613 V GDWallet: [Thread: main] WidgetWebViewEngine.evaluateJavascript(), line:52 End.
02-19 12:20:34.474  2613  2789 V GDWallet: [Thread: com.gieseckedevrient.wallet-WidgetThread-2] CloudPayController.getCardImageFileUri(), line:494 Begin.
02-19 12:20:34.475  2613  2789 V GDWallet: [Thread: com.gieseckedevrient.wallet-WidgetThread-2] CloudPayController.getCardImageFileUri(), line:502 End. cardImagePath: /data/user/0/com.gieseckedevrient.convego.demo/files/card_images/F370ABABA44E4C7A9A2A3408BFEA010C_23475_31
02-19 12:20:34.476  2613  2789 V GDWallet: [Thread: com.gieseckedevrient.wallet-WidgetThread-2] WidgetApi.getPaymentCards(), line:968 End.
02-19 12:20:34.476  2613  2789 V GDWallet: [Thread: com.gieseckedevrient.wallet-WidgetThread-2] WidgetApi.doExecute(), line:338 getPaymentCards() => DONE
02-19 12:20:34.477  2613  2789 V GDWallet: [Thread: com.gieseckedevrient.wallet-WidgetThread-2] WidgetWebView.sendPluginResult(), line:400 Begin.
02-19 12:20:34.477  2613  2789 V GDWallet: [Thread: com.gieseckedevrient.wallet-WidgetThread-2] Security.validateResult(), line:481 Begin.
02-19 12:20:34.477  2613  2789 V GDWallet: [Thread: com.gieseckedevrient.wallet-WidgetThread-2] Security.extractMessageFrom(), line:497 Begin.
